
> test
> node --test test/*.test.mjs

✔ real Worker/D1 persists printed-cost guard and pays self-hide once through reopen (3483.220714ms)
✔ real Worker/D1 restores paid magic return and another actor-controlled hide, rejecting a teammate (4844.177666ms)
✔ real Worker/D1 restores paid region damage and private printed spell/book search (4291.816479ms)
✔ real workerd/WASM with D1 SQLite: concurrency, receipts, rollback and reopen (3775.011662ms)
ℹ Provider emulation only; remote Cloudflare D1 acceptance is still required. Persisted at /tmp/hegemony-worker-d1-5VihGu
✔ real kernels preserve their full version tuple and reject unknown persisted identities (161.450271ms)
✔ real Worker/D1 restores controller-only paid rescue and private forecast-three ordering (4555.996811ms)
✔ recovering a paid response receipt precedes all later clock evaluation (14.641122ms)
✔ a matching-version GET persists an expired window before deciding to return 204 (2.364904ms)
✔ an expired response commits only the system tick and never an accepted user receipt (1.023242ms)
✔ a CAS conflict retries Begin with its original expected version and complete intent (1.385867ms)
✔ a formal response cannot be rebased by the host after another seat wins CAS (0.824188ms)
✔ client clock injection and nested Session commands are rejected before the reducer (0.368585ms)
✔ quoting an active composition refreshes its clock and does not commit a draft or receipt (0.760874ms)
✔ real Worker/D1 rust-v0.2.5 preserves composing, untimed choices, expiry and receipts through reopen (11888.26434ms)
ℹ Synthetic local fixture; actual Worker/D1 writes, timers and reopen. No remote natural-play claim.
✔ real Worker/D1 rust-v0.2.6 preserves composing, untimed choices, expiry and receipts through reopen (11459.089707ms)
ℹ Synthetic local fixture; actual Worker/D1 writes, timers and reopen. No remote natural-play claim.
✔ real Worker/D1 rust-v0.2.7 preserves composing, untimed choices, expiry and receipts through reopen (11455.145768ms)
ℹ Synthetic local fixture; actual Worker/D1 writes, timers and reopen. No remote natural-play claim.
✔ real Worker/D1 rust-v0.2.8 preserves composing, untimed choices, expiry and receipts through reopen (11628.816531ms)
ℹ Synthetic local fixture; actual Worker/D1 writes, timers and reopen. No remote natural-play claim.
hegemony storage retry { code: 'network_lost', retryable: true, attempt: 1 }
✔ an ambiguous D1 commit retries the identical command and returns its receipt without applying twice (213.123678ms)
✔ storage diagnostics expose fixed labels and do not retry quota, constraint or unknown failures (0.387152ms)
hegemony storage retry { code: 'network_lost', retryable: true, attempt: 1 }
hegemony storage retry { code: 'network_lost', retryable: true, attempt: 1 }
hegemony storage retry { code: 'network_lost', retryable: true, attempt: 2 }
✔ a failure before commit retries the original identity, while an exhausted failure never returns success (749.930196ms)
✔ transient failures have a finite budget; HTTP rejections and unclassified failures are returned immediately (0.657903ms)
✔ real Worker/D1 restores controller-only owl identity and paid skeleton entry trigger (2981.440485ms)
ℹ tests 22
ℹ suites 0
ℹ pass 22
ℹ fail 0
ℹ cancelled 0
ℹ skipped 0
ℹ todo 0
ℹ duration_ms 52118.487754
npm notice
npm notice New major version of npm available! 11.9.0 -> 12.2.0
npm notice Changelog: https://github.com/npm/cli/releases/tag/v12.2.0
npm notice To update run: npm install -g npm@12.2.0
npm notice
