
> undergroundbattle-web@0.1.0 test
> vitest --run --reporter=default --reporter=json --outputFile=/workspace/lantern-historical-bindings-evidence/ui-combined-web-results.json


 RUN  v4.1.2 /tmp/lantern-ui-bindings-validation-game/web

 ✓ src/game/V028DeckEntry.test.jsx (2 tests) 3290ms
   ✓ edits all nine v028 cards through normal controls, saves/reloads, and enters four seats with the selected draft  2988ms
   ✓ keeps the v027 39-card builder frozen and rejects a saved v028 nine-card draft without rewriting provenance  301ms
 ✓ src/game/ObjectActions.test.tsx (19 tests) 3771ms
     ✓ keeps a chosen object after a mistaken region click and directs the player back to highlighted objects  674ms
     ✓ cancels locally by button or Escape, while Escape in the reader closes only the reader  384ms
 ✓ src/game/PlayerSessions.test.tsx (12 tests) 5492ms
     ✓ starts a new tab’s independent seat directly from the ordinary table and preserves the ordinary reload screen  990ms
     ✓ locks the direct ordinary-table switch while a command is pending and keeps that lock after lobby return  385ms
     ✓ warns before replacing an independent session or switching back that this seat may become unrecoverable  449ms
     ✓ keeps automatic pass opt-in separate from the ordinary seat and restores the ordinary preference  511ms
     ✓ isolates same-invite seats, refreshes the current identity and returns to the ordinary saved seat  695ms
     ✓ allocates no identity on refresh or lobby return; only an explicit new session can join another seat  578ms
     ✓ ignores other-tab storage events and joins a different invitation only with its own credentials  450ms
     ✓ makes closing the independent page session lose its recovery while ordinary seats survive  434ms
 ✓ src/game/Table.test.tsx (19 tests) 1712ms
     ✓ saves edits locally and sends a full draft only after explicit selection, retaining the frozen public name  347ms
 ✓ src/game/PurpleToolsBatch.test.jsx (9 tests) 1353ms
 ✓ src/game/JZ55UniqueDestroy.test.jsx (8 tests) 1272ms
   ✓ selects only native face-up unique instances, including an owned hidden unique counterexample, for seat0  449ms
   ✓ selects only native face-up unique instances, including an owned hidden unique counterexample, for seat2  350ms
 ✓ src/game/MixedDeckConstruction.test.jsx (5 tests) 1465ms
   ✓ validates, saves, reloads and joins the real red/黑 50-card deck  606ms
   ✓ validates, saves, reloads and joins the real red/蓝 50-card deck  373ms
 ✓ src/game/SocietyTable.test.tsx (11 tests) 1321ms
     ✓ shows subtitle and starting hand without presenting the internal zero cost or character stats  377ms
 ✓ src/game/Lobby.test.tsx (5 tests) 1025ms
     ✓ lets a player choose a 50-card deck and create a four-seat team room  325ms
 ✓ src/game/WoundDefenceBatch.test.jsx (12 tests) 984ms
 ✓ src/game/Attachments.test.tsx (8 tests) 1075ms
     ✓ uses only server-authored hosts, including an opponent in another region, and forwards the original play action  401ms
stderr | src/debugger/LiveDebuggerShell.test.tsx > LiveDebuggerShell > submits marker, face-down, and first-player privilege presets with expected action payloads
Encountered two children with the same key, `msg-live-rejected-1`. Keys should be unique so that components maintain their identity across updates. Non-unique keys may cause children to be duplicated and/or omitted — the behavior is unsupported and could change in a future version.

stderr | src/debugger/LiveDebuggerShell.test.tsx > LiveDebuggerShell > submits marker, face-down, and first-player privilege presets with expected action payloads
Encountered two children with the same key, `msg-live-rejected-1`. Keys should be unique so that components maintain their identity across updates. Non-unique keys may cause children to be duplicated and/or omitted — the behavior is unsupported and could change in a future version.

stderr | src/debugger/LiveDebuggerShell.test.tsx > LiveDebuggerShell > submits marker, face-down, and first-player privilege presets with expected action payloads
Encountered two children with the same key, `msg-live-rejected-1`. Keys should be unique so that components maintain their identity across updates. Non-unique keys may cause children to be duplicated and/or omitted — the behavior is unsupported and could change in a future version.
Encountered two children with the same key, `msg-live-rejected-1`. Keys should be unique so that components maintain their identity across updates. Non-unique keys may cause children to be duplicated and/or omitted — the behavior is unsupported and could change in a future version.

stderr | src/debugger/LiveDebuggerShell.test.tsx > LiveDebuggerShell > submits marker, face-down, and first-player privilege presets with expected action payloads
Encountered two children with the same key, `msg-live-rejected-1`. Keys should be unique so that components maintain their identity across updates. Non-unique keys may cause children to be duplicated and/or omitted — the behavior is unsupported and could change in a future version.
Encountered two children with the same key, `msg-live-rejected-1`. Keys should be unique so that components maintain their identity across updates. Non-unique keys may cause children to be duplicated and/or omitted — the behavior is unsupported and could change in a future version.

stderr | src/debugger/LiveDebuggerShell.test.tsx > LiveDebuggerShell > submits marker, face-down, and first-player privilege presets with expected action payloads
Encountered two children with the same key, `msg-live-rejected-1`. Keys should be unique so that components maintain their identity across updates. Non-unique keys may cause children to be duplicated and/or omitted — the behavior is unsupported and could change in a future version.
Encountered two children with the same key, `msg-live-rejected-1`. Keys should be unique so that components maintain their identity across updates. Non-unique keys may cause children to be duplicated and/or omitted — the behavior is unsupported and could change in a future version.
Encountered two children with the same key, `msg-live-rejected-1`. Keys should be unique so that components maintain their identity across updates. Non-unique keys may cause children to be duplicated and/or omitted — the behavior is unsupported and could change in a future version.

 ✓ src/debugger/LiveDebuggerShell.test.tsx (11 tests) 1066ms
 ✓ src/game/DeckLibrary.test.tsx (8 tests) 1066ms
     ✓ copies a preset, names and saves it, reloads it, and selects a full public draft  327ms
 ✓ src/game/useGame.test.tsx (17 tests) 1071ms
 ✓ src/game/MSJC07Scan.test.jsx (4 tests) 703ms
   ✓ uses normal paid real black unique search and displays stable server usage from restored views and next-turn reset  681ms
 ✓ src/game/MSJC01Scan.test.jsx (4 tests) 673ms
   ✓ uses normal paid empty search and shows the server usage fact after a normal next-turn reset  645ms
 ✓ src/game/HandInteractionsBatch.test.jsx (11 tests) 715ms
 ✓ src/game/RegionAura.test.jsx (5 tests) 748ms
 ✓ src/game/MSJC08Scan.test.jsx (4 tests) 702ms
   ✓ uses normal paid real purple unique search and displays stable server usage from restored views and next-turn reset  681ms
 ✓ src/game/ChoicePanel.test.tsx (11 tests) 765ms
 ✓ src/game/BlueMinimumScan.test.jsx (8 tests) 764ms
   ✓ JC032 privately previews all six including Bat and human, reads without choosing, and requires one printed Vampire  440ms
 ✓ src/game/IdentityOverlap.test.jsx (4 tests) 699ms
   ✓ keeps four same-definition red tiles separate and submits only the exact controller-eligible target  451ms
 ✓ src/game/MSJC06Scan.test.jsx (4 tests) 731ms
   ✓ uses normal paid real white unique search and displays stable server usage from restored views and next-turn reset  698ms
 ✓ src/game/factions.test.tsx (4 tests) 672ms
     ✓ keeps eight faction descriptions separate from five selectable curated decks and does not unlock societies or construction  555ms
 ✓ src/game/SocietyDeck.test.tsx (6 tests) 578ms
     ✓ selects, saves, reloads and clears a society without changing ordinary entries  402ms
 ✓ src/game/DialogIsolation.test.tsx (5 tests) 781ms
     ✓ removes background AutoPass and navigation from the accessible tree and confines Tab in both directions  350ms
 ✓ src/game/JC030Scan.test.jsx (3 tests) 556ms
 ✓ src/game/JZ31DeathInfluence.test.jsx (5 tests) 440ms
 ✓ src/game/AutoPassPolling.test.jsx (38 tests) 545ms
 ✓ src/game/SocietyScan.test.jsx (3 tests) 421ms
   ✓ reads the actual four-seat public society projection and opens its original without character costs or stats  385ms
 ✓ src/game/GreenMinimumScan.test.jsx (4 tests) 503ms
   ✓ uses actual WASM full four-seat restored views and controller privacy for all three borrowed backs  477ms
 ✓ src/game/JC008Scan.test.jsx (3 tests) 528ms
 ✓ src/game/PrivateDeckTop.test.tsx (3 tests) 437ms
 ✓ src/game/DreamRevealBatch.test.jsx (15 tests) 668ms
 ✓ src/game/SameNameInstances.test.tsx (3 tests) 581ms
     ✓ distinguishes same-name table pieces through target confirmation and never tags by concealed print  430ms
 ✓ src/game/MillPublicBatch.test.jsx (4 tests) 396ms
 ✓ src/game/ReadModal.test.tsx (11 tests) 477ms
 ✓ src/game/WhiteWoundBatch.test.jsx (9 tests) 456ms
 ✓ src/debugger/DebuggerShell.test.tsx (8 tests) 375ms
 ✓ src/game/ProtectionBatch.test.jsx (6 tests) 328ms
 ✓ src/game/ResponseWindow.test.tsx (14 tests) 365ms
 ✓ src/game/ControlTypeBatch.test.jsx (6 tests) 316ms
 ✓ src/game/EquipmentAbilitiesBatch.test.jsx (6 tests) 312ms
 ✓ src/game/DefenceEquipmentBatch.test.jsx (6 tests) 317ms
 ✓ src/game/RenownBatch.test.jsx (5 tests) 297ms
 ✓ src/game/RepressAssetsBatch.test.jsx (6 tests) 297ms
 ✓ src/game/ArchivePresentation.test.tsx (10 tests) 379ms
 ✓ src/game/YellowSearchBatchScan.test.jsx (3 tests) 234ms
 ✓ src/game/MSJC11Scan.test.jsx (3 tests) 210ms
 ✓ src/game/HandDeckBatch.test.jsx (5 tests) 317ms
 ✓ src/game/JC029Scan.test.jsx (2 tests) 217ms
 ✓ src/game/OptionalNumeric.test.tsx (13 tests) 187ms
 ✓ src/game/CardTile.test.tsx (8 tests) 224ms
 ✓ src/game/JC005Scan.test.jsx (2 tests) 187ms
 ✓ src/game/AutoPass.test.tsx (6 tests) 196ms
 ✓ src/game/Help.test.tsx (1 test) 214ms
 ✓ src/game/api.test.ts (15 tests) 30ms
 ✓ src/game/deckLibrary.test.ts (13 tests) 12ms
 ✓ src/game/objectActions.test.ts (10 tests) 12ms
 ✓ src/debugger/live.test.ts (10 tests) 8ms
 ✓ src/lib/project.test.ts (1 test) 3ms

 Test Files  61 passed (61)
      Tests  476 passed (476)
   Start at  19:30:34
   Duration  30.37s (transform 1.95s, setup 5.51s, import 4.54s, tests 45.54s, environment 26.37s)

JSON report written to /workspace/lantern-historical-bindings-evidence/ui-combined-web-results.json
npm notice
npm notice New major version of npm available! 11.9.0 -> 12.2.0
npm notice Changelog: https://github.com/npm/cli/releases/tag/v12.2.0
npm notice To update run: npm install -g npm@12.2.0
npm notice
