   Compiling hegemony-server v0.1.0 (/workspace/UndergroundBattle/rust-game)
    Finished `test` profile [unoptimized + debuginfo] target(s) in 1.66s
     Running unittests src/lib.rs (/workspace/.rust/targets/two-cards-local/debug/deps/hegemony_server-fa35e11fc7b74bf5)

running 7 tests
test engine::tests::rescue_forecast_forecast_can_decline_and_handles_short_or_empty_decks_without_draw ... ok
test engine::tests::rescue_forecast_forecast_waits_for_normal_reveal_after_secret_deployment ... ok
test engine::tests::rescue_forecast_rescue_pays_and_exhausts_returns_to_owner_and_recycles_equipment ... FAILED
test engine::tests::rescue_forecast_rescue_costs_are_atomic_and_response_hide_invalidates_the_old_target ... FAILED
test engine::tests::rescue_forecast_two_cards_are_legal_custom_deck_cards_and_shuffle_into_normal_start ... ok
test engine::tests::rescue_forecast_rescue_printed_fields_public_deploy_and_one_asset_cost ... ok
test engine::tests::rescue_forecast_forecast_three_is_private_orders_both_ends_and_does_not_draw ... ok

failures:

---- engine::tests::rescue_forecast_rescue_pays_and_exhausts_returns_to_owner_and_recycles_equipment stdout ----

thread 'engine::tests::rescue_forecast_rescue_pays_and_exhausts_returns_to_owner_and_recycles_equipment' panicked at rust-game/src/engine.rs:2757:44:
called `Result::unwrap()` on an `Err` value: "当前操作不合法"
note: run with `RUST_BACKTRACE=1` environment variable to display a backtrace

---- engine::tests::rescue_forecast_rescue_costs_are_atomic_and_response_hide_invalidates_the_old_target stdout ----

thread 'engine::tests::rescue_forecast_rescue_costs_are_atomic_and_response_hide_invalidates_the_old_target' panicked at rust-game/src/engine.rs:2795:28:
called `Result::unwrap()` on an `Err` value: "当前操作不合法"


failures:
    engine::tests::rescue_forecast_rescue_costs_are_atomic_and_response_hide_invalidates_the_old_target
    engine::tests::rescue_forecast_rescue_pays_and_exhausts_returns_to_owner_and_recycles_equipment

test result: FAILED. 5 passed; 2 failed; 0 ignored; 0 measured; 90 filtered out; finished in 0.03s

error: test failed, to rerun pass `-p hegemony-server --lib`
