   Compiling hegemony-server v0.1.0 (/tmp/undergroundbattle-shared-cloud/rust-game)
    Finished `test` profile [unoptimized] target(s) in 14.77s
     Running unittests src/lib.rs (/tmp/jz49-native-target/debug/deps/hegemony_server-e2ddef3771dd4b38)

running 19 tests
test bounded_search_tests::bq104_lost_original_region_preserves_search_reveal_shuffle_without_placing_in_replacement ... ok
test bounded_search_tests::entry_search_definitions_reject_direct_nested_modes_and_partial_transplants ... ok
test bounded_search_tests::bq104_hidden_public_employee_has_no_entry_trigger_until_real_paid_reveal ... ok
test bounded_search_tests::entry_search_invalid_duplicate_foreign_stale_and_excess_selection_is_atomic ... ok
test bounded_search_tests::entry_search_originals_and_closed_definitions_are_complete ... ok
test bounded_search_tests::bq104_accept_with_matches_forces_one_and_empty_search_completes_zero_shuffle ... ok
test bounded_search_tests::bq104_borrowed_employee_reveals_then_enters_hidden_for_frozen_controller ... ok
test bounded_search_tests::entry_search_original_carrier_return_to_hand_and_library_bottom_still_preserves_accepted_frame ... ok
test bounded_search_tests::entry_search_real_damage_response_returns_sealed_payload_to_owner_and_source_trigger_survives ... ok
test bounded_search_tests::entry_search_paid_public_deploy_optional_decline_and_accepted_search ... ok
test bounded_search_tests::entry_search_sqlite_receipt_reopen_duplicate_and_conflict_never_repeat_shuffle ... ok
test bounded_search_tests::entry_search_two_same_sources_and_same_name_instances_resolve_independently ... ok
test bounded_search_tests::xq48_empty_search_still_has_explicit_zero_completion ... ok
test bounded_search_tests::xq48_region_replaced_before_declaration_or_during_response_skips_search_and_shuffles ... ok
test bounded_search_tests::entry_search_private_choices_hide_candidates_from_opponents_and_teammates ... ok
test bounded_search_tests::xq48_renown_uses_existing_team_comparison_one_influence_and_excludes_hidden_exhausted ... ok
test bounded_search_tests::entry_search_source_leaves_moves_hides_or_changes_control_without_retargeting ... ok
test bounded_search_tests::entry_search_saved_choice_rejects_changed_program_bounds_payloads_and_deck ... ok
test bounded_search_tests::xq48_zero_one_three_real_instances_shuffle_once_and_have_original_owners ... ok

test result: ok. 19 passed; 0 failed; 0 ignored; 0 measured; 586 filtered out; finished in 4.89s

     Running unittests src/bin/hegemony-audit.rs (/tmp/jz49-native-target/debug/deps/hegemony_audit-825dc250d585e10a)

running 0 tests

test result: ok. 0 passed; 0 failed; 0 ignored; 0 measured; 0 filtered out; finished in 0.00s

     Running unittests src/main.rs (/tmp/jz49-native-target/debug/deps/hegemony_server-508275d88ac51881)

running 0 tests

test result: ok. 0 passed; 0 failed; 0 ignored; 0 measured; 0 filtered out; finished in 0.00s

     Running tests/attachment_service.rs (/tmp/jz49-native-target/debug/deps/attachment_service-a1f23fe36078c626)

running 0 tests

test result: ok. 0 passed; 0 failed; 0 ignored; 0 measured; 3 filtered out; finished in 0.00s

     Running tests/deck_construction.rs (/tmp/jz49-native-target/debug/deps/deck_construction-18601b40d4fb0fe9)

running 0 tests

test result: ok. 0 passed; 0 failed; 0 ignored; 0 measured; 5 filtered out; finished in 0.00s

     Running tests/jc059_friendly.rs (/tmp/jz49-native-target/debug/deps/jc059_friendly-cd6d5107b9cb2d84)

running 0 tests

test result: ok. 0 passed; 0 failed; 0 ignored; 0 measured; 2 filtered out; finished in 0.00s

     Running tests/room_pacing.rs (/tmp/jz49-native-target/debug/deps/room_pacing-688ee2cd99672c6e)

running 0 tests

test result: ok. 0 passed; 0 failed; 0 ignored; 0 measured; 12 filtered out; finished in 0.00s

     Running tests/service.rs (/tmp/jz49-native-target/debug/deps/service-0eda0c8b816d5e6b)

running 0 tests

test result: ok. 0 passed; 0 failed; 0 ignored; 0 measured; 10 filtered out; finished in 0.00s

     Running tests/session_service.rs (/tmp/jz49-native-target/debug/deps/session_service-774bc1d15f630f8f)

running 0 tests

test result: ok. 0 passed; 0 failed; 0 ignored; 0 measured; 8 filtered out; finished in 0.00s
