   Compiling hegemony-server v0.1.0 (/tmp/undergroundbattle-shared-cloud/rust-game)
    Finished `test` profile [unoptimized] target(s) in 14.91s
     Running unittests src/lib.rs (/tmp/jz49-native-target/debug/deps/hegemony_server-e2ddef3771dd4b38)

running 1 test
test engine::tests::catalog_is_restricted_real_complete_and_decks_are_legal ... ok

test result: ok. 1 passed; 0 failed; 0 ignored; 0 measured; 605 filtered out; finished in 0.01s

     Running unittests src/bin/hegemony-audit.rs (/tmp/jz49-native-target/debug/deps/hegemony_audit-825dc250d585e10a)

running 0 tests

test result: ok. 0 passed; 0 failed; 0 ignored; 0 measured; 0 filtered out; finished in 0.00s

     Running unittests src/main.rs (/tmp/jz49-native-target/debug/deps/hegemony_server-508275d88ac51881)

running 0 tests

test result: ok. 0 passed; 0 failed; 0 ignored; 0 measured; 0 filtered out; finished in 0.00s

     Running tests/attachment_service.rs (/tmp/jz49-native-target/debug/deps/attachment_service-a1f23fe36078c626)

running 0 tests

test result: ok. 0 passed; 0 failed; 0 ignored; 0 measured; 3 filtered out; finished in 0.00s

     Running tests/deck_construction.rs (/tmp/jz49-native-target/debug/deps/deck_construction-18601b40d4fb0fe9)

running 0 tests

test result: ok. 0 passed; 0 failed; 0 ignored; 0 measured; 5 filtered out; finished in 0.00s

     Running tests/jc059_friendly.rs (/tmp/jz49-native-target/debug/deps/jc059_friendly-cd6d5107b9cb2d84)

running 0 tests

test result: ok. 0 passed; 0 failed; 0 ignored; 0 measured; 2 filtered out; finished in 0.00s

     Running tests/room_pacing.rs (/tmp/jz49-native-target/debug/deps/room_pacing-688ee2cd99672c6e)

running 0 tests

test result: ok. 0 passed; 0 failed; 0 ignored; 0 measured; 12 filtered out; finished in 0.00s

     Running tests/service.rs (/tmp/jz49-native-target/debug/deps/service-0eda0c8b816d5e6b)

running 0 tests

test result: ok. 0 passed; 0 failed; 0 ignored; 0 measured; 10 filtered out; finished in 0.00s

     Running tests/session_service.rs (/tmp/jz49-native-target/debug/deps/session_service-774bc1d15f630f8f)

running 0 tests

test result: ok. 0 passed; 0 failed; 0 ignored; 0 measured; 8 filtered out; finished in 0.00s
