
> undergroundbattle-web@0.1.0 test
> vitest --run --maxWorkers=2 src/game/BoundedEntrySearch.test.jsx


 RUN  v4.1.2 /tmp/undergroundbattle-shared-cloud/web

 ❯ src/game/BoundedEntrySearch.test.jsx (13 tests | 1 failed) 997ms
     × hidden borrowed employee is visible to frozen controller and remains opaque to its owner 3ms

⎯⎯⎯⎯⎯⎯⎯ Failed Tests 1 ⎯⎯⎯⎯⎯⎯⎯

 FAIL  src/game/BoundedEntrySearch.test.jsx > fixed printed entry searches; actual Native layouts and current WASM > hidden borrowed employee is visible to frozen controller and remains opaque to its owner
AssertionError: expected undefined to be 'p2' // Object.is equality

- Expected:
"p2"

+ Received:
undefined

 ❯ src/game/BoundedEntrySearch.test.jsx:68:146
     66|  });
     67|  it('hidden borrowed employee is visible to frozen controller and rema…
     68|   const mine=fixture('borrowed').views[0].regions[2].characters.find(c…
       |                                                                                                                                                  ^
     69|   for(const seat of [1,2,3]) {const c=fixture('borrowed').views[seat].…
     70|  });

⎯⎯⎯⎯⎯⎯⎯⎯⎯⎯⎯⎯⎯⎯⎯⎯⎯⎯⎯⎯⎯⎯⎯⎯[1/1]⎯


 Test Files  1 failed (1)
      Tests  1 failed | 12 passed (13)
   Start at  23:17:52
   Duration  2.09s (transform 395ms, setup 96ms, import 482ms, tests 997ms, environment 366ms)

npm notice
npm notice New major version of npm available! 11.9.0 -> 12.2.0
npm notice Changelog: https://github.com/npm/cli/releases/tag/v12.2.0
npm notice To update run: npm install -g npm@12.2.0
npm notice
