
> undergroundbattle-web@0.1.0 test
> vitest --run --maxWorkers=2 src/game/BoundedEntrySearch.test.jsx


 RUN  v4.1.2 /tmp/undergroundbattle-shared-cloud/web

 ❯ src/game/BoundedEntrySearch.test.jsx (0 test)

⎯⎯⎯⎯⎯⎯ Failed Suites 1 ⎯⎯⎯⎯⎯⎯⎯

 FAIL  src/game/BoundedEntrySearch.test.jsx [ src/game/BoundedEntrySearch.test.jsx ]
Error: Failed to resolve import "./CardPreview" from "src/game/BoundedEntrySearch.test.jsx". Does the file exist?
  Plugin: vite:import-analysis
  File: /tmp/undergroundbattle-shared-cloud/web/src/game/BoundedEntrySearch.test.jsx:9:28
  7  |  import { ChoicePanel } from "./ChoicePanel";
  8  |  import { Table } from "./Table";
  9  |  import { CardPreview } from "./CardPreview";
     |                               ^
  10 |  import { cardScans } from "./cardScans";
  11 |  var _jsxFileName = "/tmp/undergroundbattle-shared-cloud/web/src/game/BoundedEntrySearch.test.jsx";
 ❯ TransformPluginContext._formatLog ../../../workspace/jc094-game/web/node_modules/vite/dist/node/chunks/node.js:30259:39
 ❯ TransformPluginContext.error ../../../workspace/jc094-game/web/node_modules/vite/dist/node/chunks/node.js:30256:14
 ❯ normalizeUrl ../../../workspace/jc094-game/web/node_modules/vite/dist/node/chunks/node.js:27544:18
 ❯ ../../../workspace/jc094-game/web/node_modules/vite/dist/node/chunks/node.js:27607:30
 ❯ TransformPluginContext.transform ../../../workspace/jc094-game/web/node_modules/vite/dist/node/chunks/node.js:27575:4
 ❯ EnvironmentPluginContainer.transform ../../../workspace/jc094-game/web/node_modules/vite/dist/node/chunks/node.js:30048:14
 ❯ loadAndTransform ../../../workspace/jc094-game/web/node_modules/vite/dist/node/chunks/node.js:24177:26

⎯⎯⎯⎯⎯⎯⎯⎯⎯⎯⎯⎯⎯⎯⎯⎯⎯⎯⎯⎯⎯⎯⎯⎯[1/1]⎯


 Test Files  1 failed (1)
      Tests  no tests
   Start at  23:15:44
   Duration  680ms (transform 20ms, setup 115ms, import 0ms, tests 0ms, environment 372ms)

npm notice
npm notice New major version of npm available! 11.9.0 -> 12.2.0
npm notice Changelog: https://github.com/npm/cli/releases/tag/v12.2.0
npm notice To update run: npm install -g npm@12.2.0
npm notice
