    Blocking waiting for file lock on package cache
    Blocking waiting for file lock on package cache
    Blocking waiting for file lock on package cache
   Compiling hegemony-server v0.1.0 (/tmp/undergroundbattle-shared-cloud/rust-game)
    Finished `test` profile [unoptimized] target(s) in 0.24s
     Running unittests src/lib.rs (/tmp/jz49-native-target/debug/deps/hegemony_server-e2ddef3771dd4b38)

running 605 tests
test attachment::tests::invalid_host_type_destroys_instead_of_recycling_and_world_hide_uses_shared_cleanup ... ok
test attachment::tests::actual_hide_recycles_to_owner_new_private_identity_without_response_or_hidden_attachment ... ok
test attachment::tests::ordinary_move_preserves_equipment_but_host_departure_and_attachment_destruction_differ ... ok
test attachment::tests::attachment_missing_host_after_murder_response_buries_single_card_without_refund ... ok
test attachment::tests::multiple_equipment_stacks_only_on_host_and_exhausted_host_contributes_zero ... ok
test attachment::tests::attachment_targets_public_humans_or_vampires_any_team_any_region_and_pays_atomically ... ok
test attachment::tests::won_region_batches_cross_owner_equipment_and_preserves_aura_until_every_order_is_saved ... ok
test blue_minimum_tests::blue_jc032_region_incarnation_and_prefix_guard_preserve_paid_once_rng_and_ids ... ok
test blue_minimum_tests::blue_jc032_borrowed_source_and_selection_keep_owner_actor_and_original_region ... ok
test blue_minimum_tests::blue_jc032_top_six_printed_filter_private_restore_fresh_hidden_and_whole_deck_shuffle ... ok
test blue_minimum_tests::blue_jc032_zero_hit_private_confirmation_and_empty_deck_no_rng ... ok
test blue_minimum_tests::blue_jc032_positive_lengths_and_stale_choice_are_atomic ... ok
test blue_minimum_tests::blue_jz24_snapshot_after_responses_never_adds_newly_eligible_enemy ... ok
test blue_minimum_tests::blue_jz24_two_enemies_bq022_return_four_cards_still_sacrifices_and_restores ... ok
test blue_minimum_tests::blue_ms03_draw_checks_initiative_at_execution_and_empty_search_consumes_once ... ok
test blue_minimum_tests::blue_ms03_minimum_pool_and_printed_unique_card_filter_not_character_only ... ok
test blue_minimum_tests::blue_jz24_optional_skip_faceup_no_trigger_local_controller_and_actor_order ... ok
test blue_minimum_tests::blue_ms03_paid_search_restore_private_public_reveal_and_once_across_all_actors ... ok
test blue_minimum_tests::blue_whole_original_fields_and_closed_source_marker ... ok
test blue_minimum_tests::blue_real_host_receipts_keep_original_transition_after_restart_for_both_choices ... ok
test bounded_search_tests::bq104_accept_with_matches_forces_one_and_empty_search_completes_zero_shuffle ... ok
test blue_minimum_tests::blue_jz24_source_change_region_guard_and_death_continuation_priority ... ok
test blue_minimum_tests::blue_jc032_next_turn_refreshes_limit_without_repaying_saved_action ... ok
test bounded_search_tests::entry_search_definitions_reject_direct_nested_modes_and_partial_transplants ... ok
test bounded_search_tests::bq104_lost_original_region_preserves_search_reveal_shuffle_without_placing_in_replacement ... ok
test bounded_search_tests::bq104_hidden_public_employee_has_no_entry_trigger_until_real_paid_reveal ... ok
test bounded_search_tests::entry_search_originals_and_closed_definitions_are_complete ... ok
test bounded_search_tests::entry_search_invalid_duplicate_foreign_stale_and_excess_selection_is_atomic ... ok
test bounded_search_tests::bq104_borrowed_employee_reveals_then_enters_hidden_for_frozen_controller ... ok
test bounded_search_tests::entry_search_original_carrier_return_to_hand_and_library_bottom_still_preserves_accepted_frame ... ok
test bounded_search_tests::entry_search_paid_public_deploy_optional_decline_and_accepted_search ... ok
test bounded_search_tests::entry_search_real_damage_response_returns_sealed_payload_to_owner_and_source_trigger_survives ... ok
test bounded_search_tests::entry_search_sqlite_receipt_reopen_duplicate_and_conflict_never_repeat_shuffle ... ok
test bounded_search_tests::entry_search_two_same_sources_and_same_name_instances_resolve_independently ... ok
test bounded_search_tests::xq48_empty_search_still_has_explicit_zero_completion ... ok
test bounded_search_tests::entry_search_private_choices_hide_candidates_from_opponents_and_teammates ... ok
test bounded_search_tests::xq48_renown_uses_existing_team_comparison_one_influence_and_excludes_hidden_exhausted ... ok
test bounded_search_tests::xq48_region_replaced_before_declaration_or_during_response_skips_search_and_shuffles ... ok
test control_tests::control_baseline_can_differ_from_owner_without_rewriting_that_baseline ... ok
test control_tests::control_bound_program_validation_rejects_noncharacter_or_unbound_target ... ok
test control_tests::control_change_queues_existing_unique_conflict_for_new_controller ... ok
test control_tests::control_embrace_printed_eligibility_current_types_and_attachment_ownership ... ok
test control_tests::control_jz27_faceup_deployment_does_not_trigger_and_reveal_uses_current_human ... ok
test control_tests::control_last_active_layer_restores_lower_then_original_baseline ... ok
test control_tests::control_lower_source_removed_under_upper_layer_never_resurrects ... ok
test control_tests::control_real_mobility_keeps_instance_and_attribute_modifier ... ok
test control_tests::control_reveal_current_human_local_target_fixed_recipient_source_departure ... ok
test control_tests::control_simultaneous_legal_jc129_death_actor_stays_fixed_in_both_orders ... ok
test control_tests::control_simultaneous_nonhuman_death_card_still_invalid_for_jz27 ... ok
test control_tests::control_simultaneous_real_jz27_human_pair_has_no_death_trigger_in_either_order ... ok
test control_tests::control_simultaneous_single_source_death_restores_live_legal_human_immediately ... ok
test control_tests::control_source_hide_ends_historical_effect_and_new_instance_is_clean ... ok
test control_tests::control_source_return_in_real_fast_response_does_not_leave_historical_grant ... ok
test control_tests::control_spell_rejects_friendly_hidden_without_loyalty_and_paid_response_changed_controller ... ok
test control_tests::control_target_hide_ends_all_old_target_effects_and_no_reveal_inheritance ... ok
test control_tests::control_temporary_real_spell_preserves_bonus_identity_and_four_seat_top_permission ... ok
test control_tests::control_temporary_target_hide_restores_baseline_before_new_instance ... ok
test control_tests::control_three_real_layers_and_distinct_expiry_restore_each_valid_lower_layer ... ok
test control_tests::hand_deck_real_jz27_offering_simultaneous_death_keeps_last_controller_both_orders ... ok
test bounded_search_tests::entry_search_source_leaves_moves_hides_or_changes_control_without_retargeting ... ok
test defence_equipment_tests::defence_blood_requires_current_vampire_and_grants_stacking_public_stats ... ok
test defence_equipment_tests::defence_blood_accepts_gained_vampire_type_and_leaves_when_that_type_is_lost ... ok
test defence_equipment_tests::defence_cat_paid_deployment_and_immediate_reduction_survive_restore ... ok
test defence_equipment_tests::defence_cat_reduction_does_not_supply_loyalty_and_failed_payment_is_atomic ... ok
test bounded_search_tests::entry_search_saved_choice_rejects_changed_program_bounds_payloads_and_deck ... ok
test defence_equipment_tests::defence_new_programs_reject_unbound_hidden_and_nested_targets ... ok
test defence_equipment_tests::defence_original_fields_and_finite_bindings ... ok
test defence_equipment_tests::defence_cat_reduction_skips_plain_asset_conceal_and_paid_reveal_then_applies_once ... ok
test defence_equipment_tests::defence_shield_hidden_target_and_stale_projection_remain_private ... ok
test defence_equipment_tests::defence_shield_prevents_nontarget_region_damage_only_for_protected_character ... ok
test bounded_search_tests::xq48_zero_one_three_real_instances_shuffle_once_and_have_original_owners ... ok
test defence_equipment_tests::defence_shield_response_return_cancels_old_instance_without_refund ... ok
test defence_equipment_tests::defence_shield_prevents_repeated_paid_damage_and_does_not_heal_old_damage ... ok
test defence_equipment_tests::defence_vest_cross_region_transfer_moves_public_attachment_view_only ... ok
test defence_equipment_tests::defence_vest_play_and_activation_roles_cannot_be_interchanged ... ok
test defence_equipment_tests::defence_vest_destination_return_response_cancels_and_keeps_original_host ... ok
test defence_equipment_tests::defence_vest_rejects_current_host_hidden_cat_enemy_barrier_and_response_timing ... ok
test defence_equipment_tests::defence_vest_source_destroy_response_does_not_create_another_equipment ... ok
test defence_equipment_tests::defence_vest_transfer_pays_two_keeps_instance_and_settles_lost_defense_death ... ok
test dream_reveal_tests::dream_death_search_empty_and_optional_decline_still_shuffle_without_exposing_other_decks ... ok
test dream_reveal_tests::dream_death_search_uses_last_controller_own_deck_reveal_fresh_instance_and_shuffle ... ok
test dream_reveal_tests::dream_original_complete_fields_named_filter_and_finite_bindings ... ok
test dream_reveal_tests::dream_faceup_deploy_has_no_reveal_trigger_and_zero_cost_still_needs_purple_loyalty ... ok
test defence_equipment_tests::defence_cat_reduction_is_actor_scoped_and_expires_at_turn_end ... ok
test defence_equipment_tests::defence_shield_expires_at_cleanup_and_does_not_stop_destroy ... ok
test dream_reveal_tests::dream_paid_zero_reveal_targets_only_opponents_and_target_player_removes_one_any_region ... ok
test dream_reveal_tests::dream_reveal_decline_and_no_influence_have_no_extra_cost ... ok
test dream_reveal_tests::dream_spirit_domain_loss_from_real_simultaneous_spell_does_not_retroactively_damage ... ok
test dream_reveal_tests::dream_spirit_does_not_prevent_real_death_wound_or_target_destruction ... ok
test dream_reveal_tests::dream_spirit_excludes_assets_other_regions_and_dead_zones_but_counts_attached_domains ... ok
test dream_reveal_tests::dream_spirit_strict_domain_count_repeats_exhaustion_controller_and_hidden_boundary ... ok
test engine::tests::all_transaction_effects_and_recursion_death_choice ... ok
test engine::tests::assassin_paid_hide_preserves_exhaustion_and_returns_attachment_to_its_owner ... ok
test engine::tests::assassin_reveal_can_decline_or_have_no_target_and_keeps_exhaustion ... ok
test engine::tests::assassin_reveal_target_that_hides_in_response_is_not_destroyed_or_repaid ... ok
test engine::tests::assassin_reveal_uses_printed_cost_guard_for_all_four_owners_in_its_region ... ok
test engine::tests::assassin_self_hide_responds_to_its_trigger_without_cancelling_the_paid_frame ... ok
test engine::tests::assassin_self_hide_uses_controller_payment_and_privacy_after_control_transfer ... ok
test engine::tests::board_move_primitive_preserves_entity_without_enter_or_unique_events ... ok
test engine::tests::bottom_to_hand_insufficient_cards_does_not_draw_or_eliminate_and_pays_controlled_cost ... ok
test engine::tests::catalog_is_restricted_real_complete_and_decks_are_legal ... FAILED
test engine::tests::combat_difference_kill_guard_simultaneous_damage_and_barrier ... ok
test engine::tests::control_pair_gate_pays_two_returns_to_owner_and_recycles_normal_attachment ... ok
test engine::tests::control_pair_gate_requires_a_visible_character_with_any_magic_domain ... ok
test engine::tests::control_pair_gate_revalidates_after_response_hide_without_refunding_payment ... ok
test engine::tests::control_pair_lawyer_can_decline_and_without_another_friend_has_no_trigger_choice ... ok
test engine::tests::control_pair_lawyer_is_public_and_hides_only_another_actor_controlled_character ... ok
test engine::tests::control_pair_lawyer_rejects_target_control_transferred_to_teammate_during_response ... ok
test engine::tests::control_pair_lawyer_revalidates_after_enemy_response_without_rehiding_new_instance ... ok
test engine::tests::detective_only_reveal_triggers_once_can_decline_and_handles_exhausted_or_no_target ... ok
test engine::tests::detective_target_reveal_cancels_without_refund_but_source_death_keeps_effect ... ok
test dream_reveal_tests::dream_spirit_with_real_granted_combat_icon_still_participates_under_hegemony ... ok
test engine::tests::detective_targets_all_sides_same_region_without_private_leaks_or_hidden_death ... ok
test engine::tests::disciple_reduction_on_empty_stack_is_immediate_and_restores_without_repayment ... ok
test engine::tests::distance_public_restriction_and_rejected_command_are_noop ... ok
test engine::tests::each_start_phase_draws_exactly_one_per_living_player ... ok
test engine::tests::effect_sacrifice_private_choice_restores_accepted_guard_and_current_control ... ok
test engine::tests::fire_scholar_fire_collects_current_characters_after_a_response_hide ... ok
test engine::tests::fire_scholar_fire_damages_all_visible_seats_and_barriers_only_in_its_region ... ok
test dream_reveal_tests::dream_real_spell_damage_is_prevented_at_advantage_but_tie_and_deficit_kill ... ok
test engine::tests::fire_scholar_scholar_can_decline_entry_and_empty_search_still_shuffles ... ok
test engine::tests::fire_scholar_scholar_filter_accepts_books_and_legacy_spells_but_uses_printed_cost ... ok
test engine::tests::fire_scholar_fire_has_exact_printed_fields_and_standard_region_payment ... ok
test engine::tests::fire_scholar_scholar_secret_deployment_waits_for_normal_reveal_entry ... ok
test engine::tests::funeral_target_recovered_in_response_cancels_draw_without_refunding_cost ... ok
test engine::tests::heal_entry_angru_and_witch_card_abilities ... ok
test engine::tests::fire_scholar_scholar_filters_printed_spell_cost_then_reveals_and_shuffles ... ok
test engine::tests::icon_difference_investigation_sorts_then_draws_one ... ok
test engine::tests::hidden_information_projection_and_reveal_identity ... ok
test engine::tests::influence_difference_cancels_enemy_and_privilege_requires_contribution ... ok
test engine::tests::immediate_policy_keeps_cost_death_trigger_responsive_and_choice_resumable ... ok
test engine::tests::invalid_additional_sacrifice_rolls_back_assets_modifier_and_every_state_field ... ok
test engine::tests::local_targets_revalidate_and_events_enter_graveyard_after_effect ... ok
test engine::tests::mobility_adjacent_only_and_preserves_entity ... ok
test engine::tests::mobility_first_team_resolves_before_rear_team_and_responses_resolve_lifo ... ok
test engine::tests::next_batch_owl_equipment_host_predicate_blocks_without_blocking_other_targets ... ok
test engine::tests::murder_response_sacrifices_disciple_as_cost_and_independent_reduction_resolves ... ok
test engine::tests::next_batch_skeleton_cannot_deploy_without_loyalty_and_hidden_deploy_does_not_trigger ... ok
test engine::tests::next_batch_skeleton_deploy_pays_four_and_enter_targets_all_sides_in_same_region ... ok
test engine::tests::next_batch_owl_uses_controller_mind_two_and_temporary_icons_only ... ok
test engine::tests::next_batch_skeleton_trigger_can_decline_and_revalidates_after_target_or_source_hides ... ok
test engine::tests::normal_hide_resolution_projects_concealed_print_to_controller_instead_of_owner ... ok
test engine::tests::police_security_and_chase_apply_printed_rules ... ok
test engine::tests::reduction_only_face_up_play_matches_society_or_blood_loyalty_and_expires ... ok
test engine::tests::rescue_forecast_forecast_can_decline_and_handles_short_or_empty_decks_without_draw ... ok
test engine::tests::private_forecast_and_damage_choices_roundtrip_without_leaking ... ok
test engine::tests::rescue_forecast_forecast_waits_for_normal_reveal_after_secret_deployment ... ok
test engine::tests::rescue_forecast_forecast_three_is_private_orders_both_ends_and_does_not_draw ... ok
test engine::tests::rescue_forecast_rescue_costs_are_atomic_and_response_hide_invalidates_the_old_target ... ok
test engine::tests::rescue_forecast_rescue_printed_fields_public_deploy_and_one_asset_cost ... ok
test engine::tests::rescue_forecast_two_cards_are_legal_custom_deck_cards_and_shuffle_into_normal_start ... ok
test engine::tests::response_hide_and_reveal_reenters_with_new_identity_old_spell_cannot_hit ... ok
test engine::tests::sacrifice_defense_aura_immediately_kills_zero_defense_character_at_stable_point ... ok
test engine::tests::semantic_scope_friend_enemy_and_barrier_use_controller_team_not_owner ... ok
test engine::tests::rescue_forecast_rescue_pays_and_exhausts_returns_to_owner_and_recycles_equipment ... ok
test engine::tests::semantic_scope_recycling_keyword_uses_equipment_owner_despite_another_controller ... ok
test engine::tests::simultaneous_death_triggers_are_declared_first_team_then_rear_team ... ok
test engine::tests::source_leaves_after_angru_trigger_target_exhaust_still_resolves ... ok
test engine::tests::surgeon_is_public_and_heal_pays_two_assets_and_exhausts_source_atomically ... ok
test engine::tests::semantic_scope_your_grave_is_personal_for_recovery_and_summon ... ok
test engine::tests::teams_both_teammates_can_respond_and_reduction_belongs_to_fixed_actor ... ok
test engine::tests::team_elimination_removes_owned_zones_and_stack_but_preserves_score ... ok
test engine::tests::teams_require_all_passes_and_own_action_resets_pass_records ... ok
test engine::tests::unique_mandatory_sacrifice_and_world_effects ... ok
test engine::tests::watchers_target_category_locks_and_shield_terminates ... ok
test engine::tests::won_region_returns_cards_ordered_and_retreat_hand_no_death ... ok
test equipment_abilities_tests::equipment_blade_host_change_does_not_redirect_saved_effect ... ok
test equipment_abilities_tests::equipment_attachment_sacrifice_is_paid_once_to_owner_new_instance ... ok
test equipment_abilities_tests::equipment_blade_paid_declaration_persists_through_attachment_destruction ... ok
test equipment_abilities_tests::equipment_blade_left_reentered_host_gets_no_grant_and_keeps_use ... ok
test dream_reveal_tests::dream_real_amnesia_offers_shuffle_only_for_actual_current_faceup_controller_and_both_choices_restore ... ok
test equipment_abilities_tests::equipment_blade_usage_survives_control_change_and_reentry_resets_instance_only ... ok
test equipment_abilities_tests::equipment_blade_twice_limit_illegal_cost_atomicity_and_cleanup ... ok
test equipment_abilities_tests::equipment_finite_declarations_reject_new_programs_and_limit_variants ... ok
test equipment_abilities_tests::equipment_controller_only_declarations_reject_teammate_enemy_atomically ... ok
test equipment_abilities_tests::equipment_gun_host_departure_and_invalid_host_do_not_trigger_retreat ... ok
test equipment_abilities_tests::equipment_four_paid_play_and_role_guards ... ok
test equipment_abilities_tests::equipment_gun_retreat_is_own_destination_not_host_and_owner_is_respected ... ok
test equipment_abilities_tests::equipment_controller_only_host_taken_by_teammate_uses_existing_cleanup ... ok
test equipment_abilities_tests::equipment_knife_exhausts_attachment_not_host_and_uses_frozen_region ... ok
test equipment_abilities_tests::equipment_original_fields_and_bindings ... ok
test equipment_abilities_tests::equipment_knife_refreshes_with_other_in_play_cards_at_next_turn ... ok
test equipment_abilities_tests::equipment_knife_target_outside_snapshot_cancels_without_refund ... ok
test equipment_abilities_tests::equipment_sacrificed_knife_invalid_target_and_shield_keep_payment ... ok
test equipment_abilities_tests::equipment_water_changes_printed_base_keeps_bonuses_wounds_and_damage ... ok
test equipment_abilities_tests::equipment_water_nontargeted_effect_ignores_barrier_shield_and_checks_lethal ... ok
test equipment_abilities_tests::equipment_water_resolves_current_public_magic_set_at_original_region_only ... ok
test equipment_abilities_tests::equipment_water_exact_instance_move_hide_reentry_and_turn_cleanup ... ok
test green_minimum_tests::green_jc015_only_current_nonhuman_printed_cost_three_enemy_faceup_any_region ... ok
test green_minimum_tests::green_jc015_real_response_destroys_embrace_restores_human_and_invalidates_target ... ok
test green_minimum_tests::green_jc015_four_actor_borrowed_source_sacrifice_recovery_and_independent_frame ... ok
test green_minimum_tests::green_jc018_counts_controller_mind_assets_including_exhausted_and_not_teammate ... ok
test green_minimum_tests::green_lc30_actual_combat_window_emits_guard_two_allocation ... ok
test green_minimum_tests::green_lc30_guard_two_requires_two_before_other_enemy_even_when_exhausted_and_borrowed ... ok
test green_minimum_tests::green_lc30_duplicate_sacrifice_and_borrowed_return_keep_original_owners ... ok
test green_minimum_tests::green_jc015_target_hides_replaced_or_becomes_friendly_after_payment ... ok
test green_minimum_tests::green_lc30_only_live_self_weapons_and_exhaustion_not_asset_or_other_host ... ok
test green_minimum_tests::green_lc30_lost_weapon_uses_existing_lethal_stable_point_and_vest_counterexample ... ok
test green_minimum_tests::green_ms02_draw_checks_initiative_at_resolution_and_own_three_payment ... ok
test green_minimum_tests::green_ms02_terminated_or_empty_search_still_consumes_once_and_does_not_eliminate ... ok
test green_minimum_tests::green_real_twentyfive_deck_constraint_and_six_cards_for_four_seats ... ok
test green_minimum_tests::green_three_cards_borrowed_hidden_controller_privacy_and_full_refresh_views ... ok
test green_minimum_tests::green_whole_printed_fields_and_closed_three_shapes ... ok
test green_minimum_tests::green_ms02_paid_unique_search_private_choices_public_reveal_shuffle_and_once ... ok
test hand_deck_tests::hand_deck_airdrop_private_search_all_cards_and_deterministic_shuffle ... ok
test hand_deck_tests::hand_deck_dog_can_sacrifice_nonowned_controlled_character ... ok
test hand_deck_tests::hand_deck_all_four_pay_printed_costs_with_actual_declarations ... ok
test hand_deck_tests::hand_deck_dog_printed_domain_is_an_attribute_not_extra_loyalty ... ok
test green_minimum_tests::green_ms02_natural_turn_ready_and_source_identity_keep_quota_restart_clears ... ok
test hand_deck_tests::hand_deck_dog_self_sacrifice_preserves_paid_source_snapshot_and_draws ... ok
test hand_deck_tests::hand_deck_dog_returned_in_real_response_draws_for_original_actor_and_instance ... ok
test hand_deck_tests::hand_deck_empty_search_does_not_draw_or_eliminate ... ok
test hand_deck_tests::hand_deck_offering_death_uses_last_controller_not_owner_and_optional_trigger ... ok
test hand_deck_tests::hand_deck_original_fields_and_finite_programs ... ok
test hand_deck_tests::hand_deck_offering_hidden_removal_and_return_do_not_trigger_death ... ok
test hand_deck_tests::hand_deck_dog_requires_each_cost_and_only_controlled_faceup_character ... ok
test hand_deck_tests::hand_deck_research_exhausting_library_uses_existing_elimination ... ok
test hand_interactions_tests::hand_interactions_amnesia_empty_target_still_forecasts_without_dream_demon ... ok
test hand_deck_tests::hand_deck_research_draws_two_before_exact_private_discard_and_fresh_ids ... ok
test hand_deck_tests::hand_deck_printed_loyalty_rejects_atomically ... ok
test hand_interactions_tests::hand_interactions_amnesia_random_private_rest_and_owner_deck_with_forecast ... ok
test hand_interactions_tests::hand_interactions_hacker_empty_hand_and_real_source_return ... ok
test hand_interactions_tests::hand_interactions_entry_mill_zero_one_three_fresh_ids_no_discard_or_elimination ... ok
test hand_interactions_tests::hand_interactions_inspiration_forced_discard_holder_owner_accept_skip_and_no_funds ... ok
test hand_interactions_tests::hand_interactions_hacker_all_targets_reveal_four_views_optional_sacrifice ... ok
test hand_interactions_tests::hand_interactions_optional_shuffle_prepared_choice_decline_and_accept ... ok
test hand_interactions_tests::hand_interactions_original_fields ... ok
test hand_interactions_tests::hand_interactions_inspiration_normal_play_and_end_limit_discard ... ok
test hand_interactions_tests::hand_interactions_recover_hand_cost_atomic_and_exact_prebound_target ... ok
test jc004_tests::jc004_actual_fast_exhaust_response_changes_the_branch_without_extra_cost ... ok
test jc004_tests::jc004_branch_cursor_survives_a_following_choice_and_never_replays_effect ... ok
test jc004_tests::jc004_character_targets_include_self_friends_and_enemies_but_no_hidden_or_remote_or_barrier ... ok
test jc004_tests::jc004_complete_printed_definition_and_candidate_identity_are_isolated ... ok
test jc004_tests::jc004_finite_declarations_reject_wrong_slot_source_operations_nesting_and_nonboard_target ... ok
test jc004_tests::jc004_guard_cancels_reentered_hidden_remote_and_shielded_targets_before_the_query ... ok
test jc004_tests::jc004_paid_deploy_requires_four_assets_two_yellow_and_reveal_preserves_orientation ... ok
test hand_interactions_tests::hand_interactions_recover_cost_inspiration_draw_resolves_before_recovery_and_stale_no_refund ... ok
test jc004_tests::jc004_return_uses_owner_and_clears_identity_controller_markers_and_attachment ... ok
test jc005_tests::jc005_asset_gain_loss_and_host_change_are_live_guard_predicate_fixtures_not_frozen_choices ... ok
test jc005_tests::jc005_destroy_goes_to_owner_graveyard_without_recycling_or_bottom_and_pays_only_two ... ok
test jc005_tests::jc005_host_predicate_requires_a_board_attachment_and_preserves_old_target_spec_decode ... ok
test jc004_tests::jc004_ready_only_exhausts_and_exhausted_only_returns_at_resolution_after_restore ... ok
test jc005_tests::jc005_printed_metadata_is_fast_two_cost_one_yellow_mind_without_extra_cost_or_equipment_filter ... ok
test jc005_tests::jc005_natural_return_and_hide_responses_recycle_by_host_departure_then_cancel_original_target ... ok
test jc005_tests::jc005_range_uses_only_actor_asset_domains_even_exhausted_and_is_not_a_payment ... ok
test jc005_tests::jc005_synthetic_host_move_preserves_the_attachment_instance_and_anywhere_range ... ok
test jc005_tests::jc005_restored_guard_checks_current_instance_host_relation_type_and_attachment_visibility ... ok
test jc008_tests::jc008_cleanup_preserves_wounds_shields_and_settles_true_zero_defense ... ok
test jc008_tests::jc008_cleanup_death_trigger_resolves_before_initiative_changes_and_repeats_cleanup ... ok
test jc008_tests::jc008_granted_instance_bonus_does_not_survive_departure_or_face_changes ... ok
test jc008_tests::jc008_cleanup_simultaneously_clears_damage_and_expires_bonus_without_transient_death ... ok
test jc008_tests::jc008_instance_bonus_follows_movement_and_controller_with_current_team_counts ... ok
test jc008_tests::jc008_hand_limit_pause_preserves_damage_and_expiry_until_final_atomic_cleanup ... ok
test jc008_tests::jc008_ordinary_icons_apply_to_both_teams_and_remain_current_when_exhausted ... ok
test jc008_tests::jc008_normal_return_and_hide_responses_cancel_original_target_after_payment ... ok
test jc008_tests::jc008_printed_admission_and_finite_modifier_program ... ok
test jc008_tests::jc008_rejects_hidden_noncharacter_barrier_and_unpaid_declarations_without_changes ... ok
test jc008_tests::jc008_shared_shield_guard_cancels_enemy_bonus_and_preserves_friendly_shield ... ok
test jc008_tests::jc008_rear_actor_bonus_and_reverse_initiative_hand_limit_order ... ok
test jc008_tests::jc008_stacks_each_paid_resolution_once_and_is_not_tethered_to_spell_source ... ok
test jc029_tests::jc029_declared_raid_responds_one_damage_or_self_death_and_no_wound ... ok
test jc029_tests::jc029_declared_frame_restores_all_four_views_and_same_next_command ... ok
test jc029_tests::jc029_paid_faceup_has_no_raid_conceal_waits_and_loyalty_failure_is_atomic ... ok
test jc029_tests::jc029_response_guard_rechecks_hidden_moved_and_replaced_target_without_new_payment ... ok
test jc029_tests::jc029_source_departure_does_not_cancel_independent_raid_and_prevention_is_reused ... ok
test jc029_tests::jc029_whole_original_and_exact_reused_ability ... ok
test jc029_tests::jc029_optional_local_any_controller_for_all_four_actors_and_orientation ... ok
test jc030_tests::jc030_counts_blood_icons_not_blue_color_teammate_or_owner_assets ... ok
test jc030_tests::jc030_equipment_rejected_strictly_but_current_vampire_status_is_allowed ... ok
test jc030_tests::jc030_export_complete_four_seat_frontend_restoration_fixtures ... ok
test jc030_tests::jc030_normal_deploy_has_no_raid_and_zone_reset_cannot_carry_conditional_state ... ok
test jc030_tests::jc030_conceal_four_seat_privacy_reveal_new_identity_and_optional_local_raid_restore ... ok
test jc030_tests::jc030_real_asset_action_crosses_threshold_and_destroyed_asset_removes_both_grants ... ok
test jc030_tests::jc030_same_blue_identity_does_not_share_bonus_and_exhausting_bat_keeps_subtype ... ok
test jc030_tests::jc030_whole_original_fields_and_exact_reused_raid_equipment_rule ... ok
test jc030_tests::jc030_real_control_spell_uses_new_controller_personal_assets_and_restores ... ok
test jc030_tests::jc030_zero_one_two_three_domains_are_permanent_and_exhausted_assets_count_all_seats ... ok
test jc089_tests::jc018_printed_glory_does_not_trigger_without_winning_combat_participation ... ok
test hand_interactions_tests::hand_interactions_hacker_naturally_dealt_deploy_pays_only_printed_two_without_ability_target ... ok
test jc089_tests::jc018_printed_glory_never_becomes_renown_when_the_last_curse_leaves ... ok
test jc089_tests::jc089_continuous_paid_attachment_damage_response_chain_saves_replays_and_retries_once ... ok
test jc089_tests::jc089_complete_definition_rejects_all_variants_and_combat_event_transplants ... ok
test jc089_tests::jc089_curse_is_not_equipment_and_can_attach_to_cannot_be_equipped_character ... ok
test jc089_tests::jc089_cursed_printed_glory_is_one_reward_while_separately_paid_true_renown_still_works ... ok
test jc089_tests::jc089_exact_printed_curse_and_complete_attached_host_definition ... ok
test jc089_tests::jc089_defense_one_dies_immediately_and_both_graveyards_keep_original_owners ... ok
test jc089_tests::jc089_glory_does_not_trigger_on_other_contests_loss_tie_or_no_participation ... ok
test jc089_tests::jc089_glory_exact_region_instance_rejects_replacement_before_or_after_acceptance ... ok
test jc089_tests::jc089_glory_paid_sacrifice_response_keeps_frozen_reward_after_host_graveyard ... ok
test jc089_tests::jc089_host_move_preserves_curse_and_hide_cleans_attachment_without_death ... ok
test jc089_tests::jc089_illegal_loyalty_cost_hidden_asset_attachment_targets_are_atomic ... ok
test jc089_tests::jc089_glory_snapshot_survives_host_and_curse_departure_and_controller_change ... ok
test jc089_tests::jc089_jz48_condition_loss_causes_second_lethal_batch_and_independent_owners ... ok
test jc089_tests::jc018_printed_glory_decline_and_next_round_win_use_normal_window_progression ... ok
test jc089_tests::jc089_lowered_defense_checks_damage_wounds_and_positive_bonuses_in_one_sum ... ok
test jc089_tests::jc089_many_curses_and_two_teammate_hosts_merge_one_glory_not_one_per_source ... ok
test jc089_tests::jc089_one_glory_wins_exact_region_threshold_and_team_score_ten ... ok
test jc089_tests::jc089_one_permanent_one_temporary_follows_host_team_and_ignores_curse_team_exhaustion ... ok
test jc089_tests::jc089_multiple_instances_stack_attributes_but_grant_only_one_glory ... ok
test engine::tests::deterministic_complete_duel_and_team_games_and_restart ... ok
test jc089_tests::jc089_sqlite_reopen_paid_zero_defense_duplicate_and_conflict_receipts ... ok
test jc089_tests::jc089_target_leaves_or_hides_during_paid_response_no_new_instance_attachment ... ok
test jz31_tests::jz31_actual_composed_response_hides_another_instance_before_frozen_death_effect ... ok
test jz31_tests::jz31_aura_departure_cascade_and_multiple_copies_each_place_one ... ok
test jz31_tests::jz31_declaration_and_stack_restore_old_choice_and_actor_rejections_are_atomic ... ok
test jz31_tests::jz31_declared_snapshot_does_not_follow_returned_card_new_instance_or_controller ... ok
test jz31_tests::jz31_hidden_death_return_hand_and_bottom_never_trigger ... ok
test jc089_tests::jc089_paid_jc005_last_curse_removal_before_or_after_glory_cannot_restore_false_renown ... ok
test jz31_tests::jz31_one_point_cancels_enemy_or_opens_existing_win_threshold_window ... ok
test jz31_tests::jz31_real_deploy_needs_red_loyalty_but_no_magic_asset ... ok
test jc089_tests::jc089_paid_attachment_all_hosts_and_separate_owners_controller_matrix ... ok
test jz31_tests::jz31_region_replacement_before_declaration_or_during_response_never_redirects ... ok
test jz31_tests::jz31_same_card_color_independent_instances_and_multiple_simultaneous_deaths ... ok
test jc089_tests::jc089_won_combat_optional_reward_belongs_to_host_controller_even_without_kills ... ok
test jz31_tests::jz31_sqlite_receipt_restart_duplicate_and_conflict_do_not_redeclare_or_replace_result ... ok
test jz31_tests::jz31_whole_original_has_no_magic_and_exact_unparameterized_death_program ... ok
test jz48_tests::jz48_atomic_cleanup_removes_damage_before_control_expiry_but_wounds_can_kill ... ok
test jz48_tests::jz48_bonus_is_one_not_criminal_count_and_two_instances_support_each_other ... ok
test jz31_tests::jz31_simultaneous_control_source_departure_preserves_prelethal_controller ... ok
test jz48_tests::jz48_complete_definition_rejects_mutations_and_transplants ... ok
test jz48_tests::jz48_confrontation_sums_team_icons_but_condition_excludes_teammates_and_scores_exact_threshold ... ok
test jz31_tests::jz31_real_sacrifice_last_controller_acts_and_owner_receives_grave ... ok
test jz48_tests::jz48_control_expiry_and_source_leave_cleanup_can_cause_death ... ok
test jz48_tests::jz48_continuous_paid_response_cascade_and_underlying_target_revalidation_survive_restore ... ok
test jz48_tests::jz48_hidden_source_and_departed_source_never_gain_the_bonus ... ok
test jz48_tests::jz48_moving_or_changing_source_controller_uses_its_current_region_and_controller ... ok
test jz48_tests::jz48_one_available_influence_wins_region_and_exact_team_score_ten ... ok
test jz48_tests::jz48_original_is_exact_black_one_no_domain_and_one_closed_modifier ... ok
test jz48_tests::jz48_movement_hide_return_bottom_and_control_loss_update_before_lethal_stable_point ... ok
test jz48_tests::jz48_owner_is_not_controller_and_both_teams_have_independent_same_name_instances ... ok
test jz31_tests::jz31_real_destroy_and_damage_offer_optional_respondable_one_influence ... ok
test jz48_tests::jz48_permanent_bonus_ignores_initiative_but_exhaustion_suppresses_participation_only ... ok
test jz48_tests::jz48_paid_deployment_no_optional_trigger_atomic_loyalty_and_cost_rejections ... ok
test jz48_tests::jz48_simultaneous_lethal_set_is_captured_before_departure_and_each_owner_gets_one ... ok
test jz48_tests::jz48_paid_damage_causes_two_mutually_supported_instances_to_die_in_cascade ... ok
test jz48_tests::jz48_real_xq16_hide_resets_hidden_damage_and_removes_support_for_the_partner ... ok
test jz49_tests::jz49_asset_building_does_not_execute_face_up_character_keywords ... ok
test jz48_tests::jz48_sqlite_paid_stack_cascade_reopen_duplicate_and_conflict_receipts ... ok
test jz49_tests::jz49_borrowed_source_declares_for_controller_and_milled_cards_return_to_owners ... ok
test jz49_tests::jz49_complete_definition_mutations_and_transplants_are_rejected ... ok
test jz49_tests::jz49_declared_effect_survives_source_death_and_keeps_other_instance_independent ... ok
test jz49_tests::jz49_continuous_paid_response_destroys_source_but_original_mill_resolves_after_restore ... ok
test jz49_tests::jz49_hidden_deployment_is_ready_private_and_does_not_offer_entry_trigger ... ok
test jz49_tests::jz49_insufficient_black_loyalty_or_assets_are_atomic_and_not_advertised ... ok
test jz48_tests::jz48_cannot_self_satisfy_and_teammates_enemies_hidden_assets_and_other_regions_do_not_count ... ok
test jz49_tests::jz49_original_has_black_loyalty_two_death_domain_and_exact_slow_entry ... ok
test jz49_tests::jz49_next_turn_resets_slow_character_without_retriggering_entry ... ok
test jz49_tests::jz49_free_reveal_and_face_up_grave_entry_share_slow_but_hidden_grave_entry_does_not ... ok
test jz49_tests::jz49_paid_reveal_resets_hidden_identity_and_reapplies_slow ... ok
test jz49_tests::jz49_region_movement_preserves_readiness_but_leave_and_reentry_exhausts_again ... ok
test jz49_tests::jz49_paid_entry_is_exhausted_before_optional_declaration_and_can_decline ... ok
test jz49_tests::jz49_sqlite_choice_and_response_receipts_survive_reopen_without_repeat_effect ... ok
test jz49_tests::jz49_target_player_eliminated_before_resolution_does_not_mill ... ok
test jz50_search_tests::jz50_deck_to_graveyard_resets_owner_state_and_never_emits_death ... ok
test jz49_tests::jz49_short_or_empty_deck_uses_available_cards_without_draw_failure ... ok
test jz50_search_tests::jz50_accepted_zero_and_one_shuffle_exact_remaining_deck_after_move ... ok
test jz50_search_tests::jz50_frozen_actor_survives_source_control_change_departure_and_region_replacement ... ok
test jz50_search_tests::jz50_hidden_deployment_has_no_search_and_exhausted_reveal_does_not_require_ready_source ... ok
test jz50_search_tests::jz50_frozen_trigger_survives_actual_paid_return_response ... ok
test jz50_search_tests::jz50_empty_no_candidate_and_one_card_shuffle_follow_existing_rng_algorithm ... ok
test jz50_search_tests::jz50_optional_trigger_stack_and_private_search_pause_resume_real_room_chain ... ok
test jz50_search_tests::jz50_original_remains_unchanged_after_entry_search_admission ... ok
test jz50_search_tests::jz50_multiple_same_printed_sources_keep_fifo_actor_and_independent_decks ... ok
test jz50_search_tests::jz50_native_store_selection_receipt_survives_reopen_and_never_repeats_shuffle ... ok
test jz50_search_tests::jz50_paid_faceup_deploy_does_not_reveal_trigger_and_conceal_then_paid_reveal_does ... ok
test jz50_search_tests::jz50_refused_trigger_does_not_search_or_shuffle ... ok
test jz50_search_tests::jz50_private_candidates_and_choices_belong_to_controller_not_owner_or_team ... ok
test jz50_search_tests::jz50_source_program_and_actor_transplants_reject_before_any_move_or_shuffle ... ok
test jz50_search_tests::jz50_stale_candidate_and_illegal_multi_choice_reject_atomically ... ok
test jz50_search_tests::search_family_printed_definition_and_dynamic_program_transplants_are_rejected ... ok
test jz50_search_tests::search_family_saved_choices_and_stale_cas_reject_atomically ... ok
test jz50_search_tests::search_filters_use_exact_printed_domain_kind_cost_subtype_and_name ... ok
test jz55_tests::jz55_barrier_uses_current_controller_and_shield_remains_a_mandatory_replacement ... ok
test jz55_tests::jz55_black_loyalty_and_failed_cost_target_timing_checks_never_pay ... ok
test jz55_tests::jz55_borrowed_source_and_target_bury_to_owners_and_keep_other_instances ... ok
test jz50_search_tests::jz50_private_choice_hides_candidate_hits_from_all_other_seats_even_when_empty ... ok
test jz55_tests::jz55_only_face_up_unique_characters_are_paid_targets_and_illegal_commands_are_atomic ... ok
test jz55_tests::jz55_original_and_exact_finite_immediate_destroy_definition ... ok
test jz55_tests::jz55_printed_uniqueness_survives_current_control_and_subtype_changes ... ok
test jz55_tests::jz55_real_begin_submit_destroys_immediately_without_a_new_responsive_stack_object ... ok
test jz49_tests::jz49_any_living_player_can_be_targeted_and_exact_top_two_are_milled ... ok
test jz55_tests::jz55_destroyed_control_source_causes_real_cascade_death_with_normal_respondable_trigger ... ok
test jz55_tests::jz55_sqlite_game_and_real_response_receipts_restart_and_reject_without_double_payment ... ok
test mill_public_tests::mill_public_corpse_effect_hide_and_asset_are_allowed_by_public ... ok
test mill_public_tests::mill_public_make_frame_freezes_living_seats_at_declaration_not_each_step ... ok
test mill_public_tests::mill_public_corpse_zero_defense_dies_before_another_action_public_reject_is_atomic ... ok
test jz50_search_tests::jz50_saved_private_choice_rejects_changed_actor_program_bounds_and_library_instances ... ok
test mill_public_tests::mill_public_real_control_and_sacrifice_use_controller_but_owner_graveyard ... ok
test mill_public_tests::mill_public_optional_decline_and_paid_reveal_trigger ... ok
test mill_public_tests::mill_public_whole_source_fields_and_ordinary_copy_limits ... ok
test msjc01_tests::msjc01_24_25_27_yellow_and_society_excluded_from_both_counts ... ok
test msjc01_tests::msjc01_empty_search_allowed_consumed_and_shuffles_without_gain ... ok
test msjc01_tests::msjc01_insufficient_cost_exhausted_source_and_missing_ability_are_atomic ... ok
test msjc01_tests::msjc01_legal_actions_do_not_query_private_search_availability ... ok
test msjc01_tests::msjc01_new_game_restart_is_the_only_usage_reset ... ok
test msjc01_tests::msjc01_paid_cancelled_frame_does_not_refund_usage_or_costs ... ok
test msjc01_tests::msjc01_paid_declaration_consumes_before_resolution_four_seats_independent ... ok
test msjc01_tests::msjc01_printed_color_and_unique_filter_accepts_all_kinds_not_unique_keyword ... ok
test msjc01_tests::msjc01_printed_program_and_registry_admission ... ok
test msjc01_tests::msjc01_room_paid_save_journal_replay_and_stale_retry_do_not_reconsume ... ok
test msjc01_tests::msjc01_same_name_new_instance_cannot_bypass_stable_source_budget ... ok
test msjc01_tests::msjc01_search_hit_fixtures_reuse_private_choice_reveal_fresh_hand_and_shuffle ... ok
test msjc01_tests::msjc01_turn_ready_reset_does_not_refund_and_draw_ability_is_independent ... ok
test msjc06_tests::msjc06_cancelled_paid_frame_retains_payment_exhaustion_and_quota ... ok
test msjc06_tests::msjc06_construction_actual_white_24_25_27_and_society_outside_50 ... ok
test mill_public_tests::mill_public_source_departure_does_not_cancel_declared_mill_and_foreign_owner_is_preserved ... ok
test msjc06_tests::msjc06_empty_search_shuffles_and_empty_deck_is_not_draw_elimination ... ok
test msjc06_tests::msjc06_initiative_draw_and_rear_paid_no_draw_are_personal_and_separate ... ok
test msjc06_tests::msjc06_original_whole_card_and_finite_existing_search_program ... ok
test msjc06_tests::msjc06_ready_turn_and_new_instance_keep_quota_restart_clears ... ok
test mill_public_tests::mill_public_corpse_live_aura_same_name_enemy_region_and_real_departure_chain ... ok
test msjc06_tests::msjc06_four_same_societies_real_white_hits_own_deck_private_choice_public_reveal_fresh_hand ... ok
test msjc07_tests::msjc07_construction_actual_black_24_25_33_and_society_outside_50 ... ok
test msjc07_tests::msjc07_cancelled_paid_frame_retains_payment_exhaustion_and_quota ... ok
test msjc07_tests::msjc07_empty_search_shuffles_and_empty_deck_is_not_draw_elimination ... ok
test msjc06_tests::msjc06_rejections_are_atomic_and_cannot_pay_or_activate_with_teammate ... ok
test msjc07_tests::msjc07_original_whole_card_and_finite_existing_search_program ... ok
test msjc07_tests::msjc07_initiative_draw_and_rear_paid_no_draw_are_personal_and_separate ... ok
test msjc07_tests::msjc07_ready_turn_and_new_instance_keep_quota_restart_clears ... ok
test msjc08_tests::msjc08_cancelled_paid_frame_retains_payment_exhaustion_and_quota ... ok
test msjc08_tests::msjc08_construction_actual_purple_24_25_27_and_society_outside_50 ... ok
test msjc07_tests::msjc07_four_same_societies_real_black_hits_own_deck_private_choice_public_reveal_fresh_hand ... ok
test msjc07_tests::msjc07_rejections_are_atomic_and_cannot_pay_or_activate_with_teammate ... ok
test msjc08_tests::msjc08_empty_search_shuffles_and_empty_deck_is_not_draw_elimination ... ok
test msjc08_tests::msjc08_original_whole_card_and_finite_existing_search_program ... ok
test msjc08_tests::msjc08_initiative_draw_and_rear_paid_no_draw_are_personal_and_separate ... ok
test msjc08_tests::msjc08_ready_turn_and_new_instance_keep_quota_restart_clears ... ok
test msjc11_tests::msjc11_black_bottom_query_equipment_ordinary_initiative_and_converted_vector ... ok
test msjc11_tests::msjc11_construction_uses_printed_human_and_black_combat_and_old_limits ... ok
test msjc08_tests::msjc08_four_same_societies_real_purple_hits_own_deck_private_choice_public_reveal_fresh_hand ... ok
test msjc08_tests::msjc08_rejections_are_atomic_and_cannot_pay_or_activate_with_teammate ... ok
test msjc11_tests::msjc11_grant_survives_same_instance_move_and_lost_icons_but_not_hidden_or_reentry ... ok
test msjc11_tests::msjc11_kill_stacks_and_only_actual_ready_combat_participants_contribute ... ok
test msjc11_tests::msjc11_programs_reject_other_cards_modes_nested_ops_costs_and_target_relations ... ok
test msjc11_tests::msjc11_real_mixed_fifty_admission_and_original_fields ... ok
test msjc11_tests::msjc11_real_win_window_returns_borrowed_instance_to_owner_and_preserves_attachment_batch ... ok
test msjc11_tests::msjc11_region_instance_captured_required_and_replacement_cancelled_only_for_this_grant ... ok
test msjc11_tests::msjc11_first_grant_any_controller_any_region_and_four_independent_sources ... ok
test msjc11_tests::msjc11_rejected_declarations_do_not_pay_and_cancelled_bound_target_does_not_refund ... ok
test play_sources::tests::conditional_icons_use_controllers_assets_and_team_markers_with_first_team_and_posture ... ok
test msjc11_tests::msjc11_retreat_captures_controller_instances_once_not_team_owner_name_or_later_entrants ... ok
test play_sources::tests::grave_play_pays_normal_cost_once_and_persists_its_origin_until_face_up_entry ... ok
test play_sources::tests::late_confrontation_grave_entry_waits_for_a_standard_action_window ... ok
test play_sources::tests::grave_sources_reject_conceal_asset_unpermitted_foreign_loyalty_cost_and_phase_atomically ... ok
test protection_tests::protection_damage_program_rejects_unbound_or_hidden_targets ... ok
test play_sources::tests::teams_do_not_share_personal_domains_and_moved_characters_query_their_current_region ... ok
test msjc11_tests::msjc11_dynamic_projection_clears_for_all_hidden_views_and_end_turn ... ok
test protection_tests::protection_dreamcatcher_equipment_rejects_forbidden_host_and_bad_loyalty_atomically ... ok
test protection_tests::protection_dreamcatcher_all_seats_public_projection_and_attachment_removal ... ok
test protection_tests::protection_dreamcatcher_temporary_icon_follows_host_initiative_not_attachment_controller ... ok
test protection_tests::protection_declared_hermit_ability_survives_source_return ... ok
test protection_tests::protection_faerie_fire_action_phase_restriction_with_purple_loyalty ... ok
test protection_tests::protection_faerie_fire_blood_without_purple_rejects_atomically_then_real_asset_enables_payment ... ok
test protection_tests::protection_faerie_fire_cancels_when_response_return_changes_instance ... ok
test protection_tests::protection_faerie_fire_shield_cancels_damage_and_keeps_paid_costs ... ok
test protection_tests::protection_hermit_exhausted_and_hidden_target_rejections_are_atomic ... ok
test protection_tests::protection_faerie_fire_is_a_real_paid_fast_response_during_action_phase ... ok
test protection_tests::protection_hermit_requires_other_same_region_current_controller ... ok
test protection_tests::protection_hermit_response_return_cancels_target_without_refunding_exhaustion ... ok
test protection_tests::protection_hide_host_cleans_equipment_and_all_private_flags ... ok
test protection_tests::protection_original_fields_and_only_four_admitted_cards ... ok
test protection_tests::protection_neutral_wall_requires_yellow_loyalty_and_standard_timing ... ok
test protection_tests::protection_region_exhaustion_ignores_character_barrier_and_skips_hidden_other_regions ... ok
test protection_tests::protection_multiple_equipment_grants_add_temporary_icons_but_keep_one_barrier ... ok
test mill_public_tests::mill_public_real_entry_mills_all_four_seats_empty_and_short_decks_without_draw_or_death ... ok
test purple_tools_tests::purple_tools_collapse_rejects_other_zones_atomically_and_pays_loyalty ... ok
test purple_tools_tests::purple_tools_collapse_control_attachment_restores_host_and_wounded_armor_host_dies ... ok
test purple_tools_tests::purple_tools_collapse_assets_all_seats_owner_identity_and_target_summaries ... ok
test purple_tools_tests::purple_tools_legacy_reduction_still_excludes_paid_reveal ... ok
test purple_tools_tests::purple_tools_collapse_stale_attachment_real_host_return_keeps_paid_cost ... ok
test purple_tools_tests::purple_tools_painter_exhaust_only_then_discount_collapse_asset_without_character_death ... ok
test purple_tools_tests::purple_tools_painter_nonpurple_other_actor_loyalty_and_declaration_failure_do_not_consume ... ok
test purple_tools_tests::purple_tools_painter_secret_asset_free_and_paid_reveal_scopes ... ok
test purple_tools_tests::purple_tools_printed_fields_and_finite_target_programs ... ok
test purple_tools_tests::purple_tools_painter_stacking_caps_zero_and_consumes_matching_next ... ok
test region_aura_tests::msjc08_whole_original_reuses_paid_private_purple_unique_search ... ok
test purple_tools_tests::resource_actions_real_room_declarations_resolve_without_response_windows ... ok
test region_aura_tests::xq43_as_asset_retains_domain_but_has_no_region_conversion_or_unique_conflict ... ok
test region_aura_tests::xq43_actual_win_batch_returns_region_attachment_to_owner_before_replacing_region ... ok
test region_aura_tests::xq43_bound_region_replacement_cancels_without_refund_and_reports_missing ... ok
test region_aura_tests::xq43_moving_character_enters_and_leaves_exact_region_with_equipment ... ok
test region_aura_tests::xq43_hiding_real_spirit_drops_conversion_and_old_equipment_identity ... ok
test region_aura_tests::xq43_paid_region_play_is_exact_fresh_public_and_all_spirits_ignore_initiative ... ok
test region_aura_tests::xq43_pure_vector_all_three_convert_once_ordinary_component_unchanged ... ok
test region_aura_tests::xq43_multiple_controller_auras_do_not_stack_and_one_departure_keeps_conversion ... ok
test region_aura_tests::xq43_region_host_qualifies_jc005_only_with_real_mind_asset_domain ... ok
test protection_tests::protection_temporary_defense_and_damage_cleanup_preserve_survivor ... ok
test region_aura_tests::xq43_rejects_missing_wrong_zone_out_of_range_insufficient_cost_and_loyalty_atomically ... ok
test region_aura_tests::xq43_whole_original_and_exact_region_binding_admitted ... ok
test region_aura_tests::xq43_real_attachment_temporary_grants_and_ordinary_turn_bonus_are_distinct ... ok
test region_aura_tests::xq43_same_controller_uniqueness_uses_public_in_play_attachment_cards ... ok
test renown_tests::renown_award_uses_real_win_return_score_and_does_not_repeat ... ok
test renown_tests::renown_declared_reward_is_independent_of_source_leaving ... ok
test renown_tests::renown_declares_by_actual_controller_seat_and_counts_only_this_region ... ok
test renown_tests::renown_counts_exclude_hidden_exhausted_and_ties_without_participation_history ... ok
test renown_tests::renown_granted_icons_are_ordinary_stack_but_keyword_is_one_character ... ok
test purple_tools_tests::purple_tools_painter_source_return_keeps_original_actor_and_turn_end_clears ... ok
test renown_tests::renown_grant_follows_current_controller_and_exact_instance_until_cleanup ... ok
test renown_tests::renown_jc076_face_up_deployment_does_not_draw_or_trigger_reveal ... ok
test renown_tests::renown_jc070_loyalty_two_and_public_rejections_are_atomic ... ok
test renown_tests::renown_jc074_response_source_target_leaves_cancels_without_refunding ... ok
test renown_tests::renown_original_fields_and_bounded_program_are_complete ... ok
test renown_tests::renown_jc074_rejects_unpaid_hidden_attachment_barrier_and_wrong_loyalty_atomically ... ok
test renown_tests::renown_jc076_paid_conceal_reveal_draw_is_optional_and_independent ... ok
test renown_tests::renown_normal_influence_win_skips_old_and_replacement_renown ... ok
test renown_tests::renown_shared_placement_cancels_enemy_influence_and_only_then_wins ... ok
test renown_tests::renown_public_can_hide_by_lawyer_and_grants_do_not_survive_new_identity ... ok
test renown_tests::renown_project_team_totals_merge_two_seats_and_decline_is_final ... ok
test renown_tests::renown_skipped_region_and_stale_region_identity_cannot_get_a_reward ... ok
test repress_assets_tests::repress_assets_accident_guard_cancels_whole_program_after_real_target_elimination ... ok
test repress_assets_tests::repress_assets_accident_invalid_bindings_are_atomic_and_no_neutral_loyalty ... ok
test repress_assets_tests::repress_assets_accident_no_influence_still_draws_and_empty_draw_eliminates ... ok
test repress_assets_tests::repress_assets_expansion_empty_deck_does_not_draw_or_eliminate ... ok
test repress_assets_tests::repress_assets_expansion_blue_loyalty_personal_currency_and_standard_timing ... ok
test repress_assets_tests::repress_assets_accident_target_player_chooses_before_actor_draws_all_four_seats ... ok
test repress_assets_tests::repress_assets_expansion_preserves_build_flag_in_both_directions_and_multiple_spells ... ok
test repress_assets_tests::repress_assets_original_fields_and_card_bound_program_limits ... ok
test rules::tests::blue_closed_definitions_reject_variants_and_finite_operation_transplants ... ok
test rules::tests::green_shapes_reject_extra_modifiers_and_predicate_transplants ... ok
test rules::tests::invalid_mode_targets_and_nested_iteration_are_rejected_before_registration ... ok
test rules::tests::invalid_multi_target_ability_is_rejected_before_registration ... ok
test rules::tests::jc030_closed_definition_rejects_shape_changes_and_modifier_transplants ... ok
test rules::tests::jz31_closed_definition_and_operation_reject_mutations_modes_loops_and_transplants ... ok
test rules::tests::jz55_closed_definition_rejects_target_policy_shape_changes_and_transplants ... ok
test rules::tests::mill_public_closed_entry_rejects_variants_modes_and_nested_transplants ... ok
test rules::tests::region_attachment_and_conversion_admit_only_the_whole_xq43 ... ok
test repress_assets_tests::repress_assets_expansion_resolves_current_top_after_real_paid_forecast_reveal ... ok
test sealing_tests::sealing_board_move_and_control_change_keep_exact_host_and_independent_payloads ... ok
test sealing_tests::sealing_actual_paid_rescue_returns_host_and_payload_to_different_owners ... ok
test sealing_tests::sealing_choice_rejects_wrong_seat_unknown_duplicate_and_stale_ids_atomically ... ok
test sealing_tests::sealing_elimination_releases_foreign_payloads_and_removes_eliminated_owners ... ok
test sealing_tests::sealing_drawn_card_is_a_required_private_choice_then_public_blank_zone ... ok
test sealing_tests::sealing_exact_printed_three_definitions_and_xq45_no_domain ... ok
test sealing_tests::sealing_empty_draw_eliminates_actor_before_any_seal_or_private_selection ... ok
test repress_assets_tests::repress_assets_expansion_fresh_public_asset_all_seats_no_entry_or_character_traits ... ok
test repress_assets_tests::repress_assets_expansion_asset_supplies_ready_currency_and_live_color_domain ... ok
test sealing_tests::sealing_missing_or_replaced_paid_target_cancels_entire_draw_without_refund ... ok
test sealing_tests::sealing_new_zone_rejects_invalid_saved_hosts_owners_duplicates_and_mutated_state ... ok
test sealing_tests::sealing_paid_source_departure_does_not_cancel_draw_or_original_host_binding ... ok
test sealing_tests::sealing_finished_restart_clears_old_seals_roundtrips_and_accepts_next_command ... ok
test sealing_tests::sealing_finished_restart_native_store_reopen_next_choice_and_original_receipt ... ok
test sealing_tests::sealing_region_win_bottom_batch_excludes_sealed_cards_and_returns_them_to_hand ... ok
test sealing_tests::sealing_sacrifice_destroy_and_actual_lethal_return_to_each_owner_without_payload_death ... ok
test sealing_tests::sealing_simultaneous_lethal_keeps_same_printed_payload_instances_and_owners_separate ... ok
test sealing_tests::sealing_store_choice_reopen_receipt_preserves_owner_holder_and_never_reseals ... ok
test sealing_tests::sealing_private_selection_trigger_and_paid_stack_pause_resume_actual_room_trace ... ok
test sealing_tests::sealing_whole_definitions_and_nested_program_transplants_are_rejected ... ok
test sealing_tests::sealing_world_hide_returns_payload_and_replaces_host_without_a_death_trigger ... ok
test sealing_tests::sealing_xq41_can_decline_once_and_does_not_trigger_again_when_returning_to_hand ... ok
test sealing_tests::sealing_two_same_printed_xq41_events_keep_fifo_original_holders_and_exact_one_draw ... ok
test sealing_tests::sealing_xq41_freezes_hand_holder_and_trigger_survives_host_destruction ... ok
test sealing_tests::sealing_private_choice_roundtrips_for_every_actor_and_rejects_invalid_bound_frames ... ok
test sealing_tests::sealing_xq45_checks_actual_relationship_at_resolution_and_never_retargets_a_new_instance ... ok
test sealing_tests::sealing_xq45_destroys_a_sealed_host_once_and_returns_payloads_before_death ... ok
test sealing_tests::sealing_xq45_may_target_an_unsealed_character_but_does_not_destroy_it ... ok
test society::printed_tests::msjc09_paid_room_frame_journal_four_views_and_same_instance_reset_survive_restore ... ok
test society::printed_tests::msjc09_printed_registry_deck_and_atomic_start_keep_four_seat_privacy ... ok
test society::printed_tests::msjc09_both_members_of_the_first_team_each_pay_their_own_society_and_draw ... ok
test society::tests::every_seat_has_an_empty_non_region_zone_and_registry_matches_support_flag ... ok
test society::printed_tests::msjc09_wrong_seats_standard_timing_insufficient_assets_and_exhaustion_are_atomic ... ok
test society::printed_tests::msjc09_first_and_rear_may_pay_but_only_resolution_time_initiative_draws ... ok
test white_wound_tests::lc06_empty_draw_deck_uses_existing_elimination_without_replaying_wound ... ok
test white_wound_tests::lc06_damage_and_destroy_do_not_trigger_and_no_manual_activation ... ok
test white_wound_tests::lc06_holy_assets_keep_only_color_domain_and_real_healing_does_not_trigger ... ok
test white_wound_tests::lc06_gold_same_name_uses_controller_and_real_paid_enter_sacrifice ... ok
test white_wound_tests::lc06_decline_and_declared_source_rescue_preserve_independent_draw_frame ... ok
test white_wound_tests::lc06_whole_original_and_finite_wound_event_only ... ok
test white_wound_tests::lc06_rescue_before_wound_cancels_stale_target_and_emits_no_event ... ok
test world::tests::base_world_rejects_duplicate_fillers_missing_cards_and_unregistered_regions ... ok
test world::tests::dead_city_retains_chosen_region_and_each_players_graveyard_choice_after_restore ... ok
test world::tests::duel_and_teams_start_with_ten_distinct_physical_regions_across_seeds ... ok
test world::tests::florence_can_decline_and_does_not_change_ordinary_reveal_loyalty ... ok
test world::tests::florence_rotates_independent_players_and_free_reveal_ignores_loyalty_under_adopted_faq ... ok
test world::tests::hong_kong_exact_binding_is_attachment_only_and_empty_search_does_not_draw ... ok
test world::tests::kyoto_hides_only_nonhuman_face_up_characters_and_preserves_exhaustion ... ok
test world::tests::london_mixes_existing_hidden_with_newly_hidden_per_controller_and_region_deterministically ... ok
test world::tests::moscow_resumes_seat_order_and_uses_the_pre_sacrifice_defense_snapshot ... ok
test world::tests::printed_zero_cost_needs_no_assets_but_keeps_standard_timing_and_team_distance ... ok
test world::tests::simultaneous_search_keeps_commitments_private_and_decks_unchanged_until_all_players_choose ... ok
test world::tests::world_values_match_the_ten_printed_originals ... ok
test white_wound_tests::lc06_wounds_ignore_real_damage_prevention_and_repeat_without_ready_cost ... ok
test white_wound_tests::lc06_real_wound_controller_snapshot_fatal_and_four_private_views ... ok
test wound_defence_tests::wound_defence_death_last_controller_not_owner_and_target_shield_still_applies ... ok
test wound_defence_tests::wound_defence_hermit_current_controller_not_owner ... ok
test wound_defence_tests::wound_defence_cleanup_damage_clears_atomically_but_wound_causes_real_death_at_expiry ... ok
test wound_defence_tests::wound_defence_hermit_exhaust_only_no_assets_and_exact_defense_only ... ok
test wound_defence_tests::wound_defence_hermit_rejects_self_teammate_enemy_other_region_and_noncharacters ... ok
test wound_defence_tests::wound_defence_original_fields_and_narrow_wound_program ... ok
test wound_defence_tests::wound_defence_hermit_two_sources_stack_and_preserve_icons ... ok
test wound_defence_tests::wound_defence_hermit_response_to_real_wound_saves_until_expiry ... ok
test wound_defence_tests::wound_defence_real_sacrificed_cost_declares_independent_death_wound_without_second_fee ... ok
test wound_defence_tests::wound_defence_source_real_rescue_does_not_cancel_declared_grant ... ok
test wound_defence_tests::wound_defence_target_real_rescue_stales_frame_and_fresh_deploy_gets_no_bonus ... ok
test wound_defence_tests::wound_defence_target_move_or_control_response_checkpoint_cancels_but_resolved_bonus_follows_instance ... ok
test wound_defence_tests::wound_defence_wound_bypasses_real_damage_prevention_and_defense_zero_kills ... ok
test yellow_search_batch_tests::lc01_original_black_two_white_one_rear_two_first_three_exhaust_zero ... ok
test wound_defence_tests::wound_defence_trigger_decline_and_no_target_are_free ... ok
test yellow_search_batch_tests::yellow_batch_lc01_current_controller_multiple_exhausted_hidden_and_leaving_sources ... ok
test yellow_search_batch_tests::yellow_batch_msjc01_searches_real_yellow_unique_and_reveals_then_fresh_hand ... ok
test yellow_search_batch_tests::yellow_batch_printed_fields_loyalty_ordinary_and_initiative_icons ... ok
test yellow_search_batch_tests::yellow_batch_lc01_live_top_after_draw_shuffle_search_top_return_and_restore ... ok
test yellow_search_batch_tests::yellow_batch_wm003_cost_exhaustion_rejected_atomic_empty_and_optional_search_boundary ... ok
test yellow_search_batch_tests::yellow_batch_wm003_public_play_private_choice_and_no_other_seat_leak ... ok
test wound_defence_tests::wound_defence_real_murder_death_targets_old_region_wound_persists_without_damage ... ok
test sealing_tests::sealing_fresh_lobby_legal_match_terminal_restart_and_persisted_next_choice has been running for over 60 seconds
test sealing_tests::sealing_fresh_lobby_legal_match_terminal_restart_and_persisted_next_choice ... ok

failures:

---- engine::tests::catalog_is_restricted_real_complete_and_decks_are_legal stdout ----

thread 'engine::tests::catalog_is_restricted_real_complete_and_decks_are_legal' panicked at rust-game/src/engine.rs:2720:9:
assertion `left == right` failed
  left: 99
 right: 97
note: run with `RUST_BACKTRACE=1` environment variable to display a backtrace


failures:
    engine::tests::catalog_is_restricted_real_complete_and_decks_are_legal

test result: FAILED. 604 passed; 1 failed; 0 ignored; 0 measured; 0 filtered out; finished in 266.51s

error: test failed, to rerun pass `-p hegemony-server --lib`
