▲ [WARNING] Proxy environment variables detected. We'll use your proxy for fetch requests.



 ⛅️ wrangler 4.146.0
────────────────────
Your Worker has access to the following bindings:
Binding                                 Resource         Mode
env.DB (bounded-entry50-local)          D1 Database      local
env.ASSETS                              Assets           local

⎔ Starting local server...
Wrangler detected this dev session is running in an AI agent.
The Local Explorer API is available at http://127.0.0.1:8120/cdn-cgi/local/explorer/api
Useful routes:
  GET http://127.0.0.1:8120/cdn-cgi/local/explorer/api/local/workers - local Workers and bindings
  POST http://127.0.0.1:8120/cdn-cgi/local/explorer/api/local/scheduled?worker=<name> - invoke a Worker's scheduled handler; cron is required (see the OpenAPI schema for the full request)
  GET http://127.0.0.1:8120/cdn-cgi/local/explorer/api/storage/kv/namespaces - KV namespaces
  GET http://127.0.0.1:8120/cdn-cgi/local/explorer/api/d1/database - D1 databases
  GET http://127.0.0.1:8120/cdn-cgi/local/explorer/api/r2/buckets - R2 buckets
  GET http://127.0.0.1:8120/cdn-cgi/local/explorer/api/workers/durable_objects/namespaces - Durable Object namespaces
  GET http://127.0.0.1:8120/cdn-cgi/local/explorer/api/workflows - Workflows
  POST http://127.0.0.1:8120/cdn-cgi/local/explorer/api/local/observability/query - run a read-only SQL query (SELECT/WITH only) over captured request traces and console logs. Tables: spans, logs (read attributes via json(attributes)). Example:
    curl -X POST http://127.0.0.1:8120/cdn-cgi/local/explorer/api/local/observability/query -H 'Content-Type: application/json' -d '{"sql":"SELECT service, name, outcome, duration_ms FROM spans WHERE parent_id IS NULL LIMIT 20"}'
  POST http://127.0.0.1:8120/cdn-cgi/local/explorer/api/local/observability/clear - clear all captured traces and logs
If the routes above don't cover what you need, fetch the full OpenAPI schema (large - use only as a last resort):
  GET http://127.0.0.1:8120/cdn-cgi/local/explorer/api - OpenAPI schema
[wrangler:info] Ready on http://127.0.0.1:8120
[wrangler:info] GET /api/catalog 200 OK (29ms)
[wrangler:info] GET / 200 OK (10ms)
[wrangler:info] GET /assets/index-CRqqsaW3.css 200 OK (7ms)
[wrangler:info] GET /assets/index-CyduTvl2.js 200 OK (12ms)
[wrangler:info] GET /api/catalog 200 OK (9ms)
[wrangler:info] GET /favicon.ico 404 Not Found (10ms)
[wrangler:info] POST /api/rooms 200 OK (23ms)
[wrangler:info] GET /api/rooms/673ba1befc08b0113d8e7374/catalog 200 OK (18ms)
[wrangler:info] GET /api/rooms/673ba1befc08b0113d8e7374/state 200 OK (36ms)
[wrangler:info] GET / 304 Not Modified (6ms)
[wrangler:info] GET /assets/index-CyduTvl2.js 304 Not Modified (13ms)
[wrangler:info] GET /assets/index-CRqqsaW3.css 304 Not Modified (14ms)
[wrangler:info] GET /api/rooms/673ba1befc08b0113d8e7374/catalog 200 OK (23ms)
[wrangler:info] GET /api/rooms/673ba1befc08b0113d8e7374/state 200 OK (23ms)
[wrangler:info] GET /api/catalog 200 OK (5ms)
[wrangler:info] POST /api/rooms/join 200 OK (15ms)
[wrangler:info] GET /api/rooms/673ba1befc08b0113d8e7374/catalog 200 OK (10ms)
[wrangler:info] GET /api/rooms/673ba1befc08b0113d8e7374/state 200 OK (20ms)
[wrangler:info] POST /api/rooms/673ba1befc08b0113d8e7374/commands 200 OK (17ms)
[wrangler:info] GET /api/rooms/673ba1befc08b0113d8e7374/state 200 OK (7ms)
[wrangler:info] GET / 304 Not Modified (9ms)
[wrangler:info] GET /assets/index-CyduTvl2.js 304 Not Modified (21ms)
[wrangler:info] GET /assets/index-CRqqsaW3.css 304 Not Modified (23ms)
[wrangler:info] GET /api/rooms/673ba1befc08b0113d8e7374/catalog 200 OK (18ms)
[wrangler:info] GET /api/rooms/673ba1befc08b0113d8e7374/state 200 OK (28ms)
[wrangler:info] POST /api/rooms/673ba1befc08b0113d8e7374/commands 200 OK (18ms)
[wrangler:info] GET /api/rooms/673ba1befc08b0113d8e7374/state 200 OK (8ms)
[wrangler:info] GET /api/rooms/673ba1befc08b0113d8e7374/state 204 No Content (9ms)
[wrangler:info] GET /api/rooms/673ba1befc08b0113d8e7374/state 204 No Content (10ms)
[wrangler:info] GET /api/rooms/673ba1befc08b0113d8e7374/state 204 No Content (7ms)
[wrangler:info] POST /api/rooms/673ba1befc08b0113d8e7374/commands 200 OK (15ms)
[wrangler:info] GET /api/rooms/673ba1befc08b0113d8e7374/state 200 OK (13ms)
[wrangler:info] GET /cards/DQJC115.jpg 200 OK (11ms)
[wrangler:info] GET /cards/DQJC110.jpg 200 OK (8ms)
[wrangler:info] GET /cards/JC003.jpg 200 OK (15ms)
[wrangler:info] GET /cards/JC125.jpg 200 OK (15ms)
[wrangler:info] GET /cards/DQJC116.jpg 200 OK (22ms)
[wrangler:info] GET /cards/JC118.jpg 200 OK (20ms)
[wrangler:info] GET /cards/LC22.jpg 200 OK (15ms)
[wrangler:info] GET /api/rooms/673ba1befc08b0113d8e7374/state 204 No Content (15ms)
[wrangler:info] GET /cards/LC23.jpg 200 OK (5ms)
[wrangler:info] GET /cards/XQ49.jpg 200 OK (15ms)
[wrangler:info] GET /cards/LC21.jpg 200 OK (33ms)
[wrangler:info] GET /cards/LC24.jpg 200 OK (34ms)
[wrangler:info] GET /cards/JC003.jpg 304 Not Modified (35ms)
[wrangler:info] GET /cards/JC125.jpg 304 Not Modified (34ms)
[wrangler:info] GET /cards/DQJC115.jpg 304 Not Modified (23ms)
[wrangler:info] GET /cards/DQJC110.jpg 304 Not Modified (2ms)
[wrangler:info] GET /cards/DQJC116.jpg 304 Not Modified (4ms)
[wrangler:info] POST /api/rooms/673ba1befc08b0113d8e7374/commands 200 OK (27ms)
[wrangler:info] GET / 304 Not Modified (12ms)
[wrangler:info] GET /assets/index-CyduTvl2.js 304 Not Modified (8ms)
[wrangler:info] GET /assets/index-CRqqsaW3.css 304 Not Modified (10ms)
[wrangler:info] GET /api/rooms/673ba1befc08b0113d8e7374/catalog 200 OK (16ms)
[wrangler:info] GET /api/rooms/673ba1befc08b0113d8e7374/state 200 OK (17ms)
[wrangler:info] GET /cards/DQJC115.jpg 304 Not Modified (7ms)
[wrangler:info] GET /cards/DQJC110.jpg 304 Not Modified (12ms)
[wrangler:info] GET /cards/JC003.jpg 304 Not Modified (19ms)
[wrangler:info] GET /cards/JC125.jpg 304 Not Modified (19ms)
[wrangler:info] GET /cards/DQJC116.jpg 304 Not Modified (23ms)
[wrangler:info] GET /cards/JC118.jpg 304 Not Modified (21ms)
[wrangler:info] GET /cards/LC22.jpg 304 Not Modified (15ms)
[wrangler:info] GET /api/rooms/673ba1befc08b0113d8e7374/state 204 No Content (12ms)
[wrangler:info] POST /api/rooms/673ba1befc08b0113d8e7374/commands 200 OK (21ms)
[wrangler:info] GET / 304 Not Modified (5ms)
[wrangler:info] GET /assets/index-CyduTvl2.js 304 Not Modified (12ms)
[wrangler:info] GET /assets/index-CRqqsaW3.css 304 Not Modified (13ms)
[wrangler:info] GET /api/rooms/673ba1befc08b0113d8e7374/catalog 200 OK (15ms)
[wrangler:info] GET /api/rooms/673ba1befc08b0113d8e7374/state 200 OK (34ms)
[wrangler:info] GET /cards/DQJC115.jpg 304 Not Modified (22ms)
[wrangler:info] GET /cards/XQ49.jpg 304 Not Modified (18ms)
[wrangler:info] GET /cards/JC003.jpg 304 Not Modified (18ms)
[wrangler:info] GET /cards/DQJC110.jpg 304 Not Modified (36ms)
[wrangler:info] GET /cards/DQJC116.jpg 304 Not Modified (35ms)
[wrangler:info] GET /cards/LC23.jpg 304 Not Modified (35ms)
[wrangler:info] GET /cards/LC21.jpg 304 Not Modified (7ms)
[wrangler:info] GET /cards/LC24.jpg 304 Not Modified (5ms)
[wrangler:info] GET /cards/JC125.jpg 304 Not Modified (4ms)
[wrangler:info] GET /api/rooms/673ba1befc08b0113d8e7374/state 204 No Content (10ms)
[wrangler:info] GET /api/rooms/673ba1befc08b0113d8e7374/state 200 OK (8ms)
[wrangler:info] GET /api/rooms/673ba1befc08b0113d8e7374/state 204 No Content (9ms)
[wrangler:info] GET /cards/BQ104.jpg 200 OK (5ms)
[wrangler:info] GET /cards/XQ48.jpg 200 OK (4ms)
[wrangler:info] GET /api/rooms/673ba1befc08b0113d8e7374/state 204 No Content (14ms)
[wrangler:info] POST /api/rooms/673ba1befc08b0113d8e7374/commands 200 OK (18ms)
[wrangler:info] GET / 304 Not Modified (6ms)
[wrangler:info] GET /assets/index-CyduTvl2.js 304 Not Modified (7ms)
[wrangler:info] GET /assets/index-CRqqsaW3.css 304 Not Modified (7ms)
[wrangler:info] GET /api/rooms/673ba1befc08b0113d8e7374/catalog 200 OK (14ms)
[wrangler:info] GET /api/rooms/673ba1befc08b0113d8e7374/state 200 OK (18ms)
[wrangler:info] GET /cards/DQJC115.jpg 304 Not Modified (14ms)
[wrangler:info] GET /cards/DQJC116.jpg 304 Not Modified (21ms)
[wrangler:info] GET /cards/LC23.jpg 304 Not Modified (21ms)
[wrangler:info] GET /cards/DQJC110.jpg 304 Not Modified (23ms)
[wrangler:info] GET /cards/JC003.jpg 304 Not Modified (22ms)
[wrangler:info] GET /cards/LC21.jpg 304 Not Modified (13ms)
[wrangler:info] GET /cards/XQ49.jpg 304 Not Modified (23ms)
[wrangler:info] GET /cards/JC125.jpg 304 Not Modified (4ms)
[wrangler:info] GET /cards/LC24.jpg 304 Not Modified (7ms)
[wrangler:info] GET /api/rooms/673ba1befc08b0113d8e7374/state 200 OK (8ms)
[wrangler:info] GET /api/rooms/673ba1befc08b0113d8e7374/state 200 OK (9ms)
[wrangler:info] POST /api/rooms/673ba1befc08b0113d8e7374/commands 200 OK (12ms)
[wrangler:info] GET /api/rooms/673ba1befc08b0113d8e7374/state 200 OK (8ms)
[wrangler:info] GET /api/rooms/673ba1befc08b0113d8e7374/state 204 No Content (10ms)
[wrangler:info] POST /api/rooms/673ba1befc08b0113d8e7374/commands 200 OK (16ms)
[wrangler:info] GET / 304 Not Modified (4ms)
[wrangler:info] GET /assets/index-CyduTvl2.js 304 Not Modified (5ms)
[wrangler:info] GET /assets/index-CRqqsaW3.css 304 Not Modified (7ms)
[wrangler:info] GET /api/rooms/673ba1befc08b0113d8e7374/catalog 200 OK (23ms)
[wrangler:info] GET /api/rooms/673ba1befc08b0113d8e7374/state 200 OK (20ms)
[wrangler:info] GET /cards/DQJC115.jpg 304 Not Modified (7ms)
[wrangler:info] GET /cards/DQJC110.jpg 304 Not Modified (11ms)
[wrangler:info] GET /cards/DQJC116.jpg 304 Not Modified (7ms)
[wrangler:info] GET /cards/XQ49.jpg 304 Not Modified (7ms)
[wrangler:info] GET /cards/JC003.jpg 304 Not Modified (8ms)
[wrangler:info] GET /cards/LC23.jpg 304 Not Modified (8ms)
[wrangler:info] GET /cards/LC21.jpg 304 Not Modified (5ms)
[wrangler:info] GET /cards/LC24.jpg 304 Not Modified (3ms)
[wrangler:info] GET /cards/JC125.jpg 304 Not Modified (4ms)
[wrangler:info] GET /api/rooms/673ba1befc08b0113d8e7374/state 200 OK (8ms)
