
> undergroundbattle-web@0.1.0 test
> vitest --run --maxWorkers=2 src/game/BoundedEntrySearch.test.jsx


 RUN  v4.1.2 /tmp/undergroundbattle-shared-cloud/web

 ❯ src/game/BoundedEntrySearch.test.jsx (0 test)

⎯⎯⎯⎯⎯⎯ Failed Suites 1 ⎯⎯⎯⎯⎯⎯⎯

 FAIL  src/game/BoundedEntrySearch.test.jsx [ src/game/BoundedEntrySearch.test.jsx ]
TypeError: The URL must be of scheme file
 ❯ src/game/BoundedEntrySearch.test.jsx:11:23
      9| import { ReadModal } from './ReadModal';
     10| import { cardScanUrl } from './cardScans';
     11| wasm.initSync({module:readFileSync(new URL('../../../rust-game-wasm/pk…
       |                       ^
     12| afterEach(cleanup);
     13| const catalog=JSON.parse(wasm.catalog());

⎯⎯⎯⎯⎯⎯⎯⎯⎯⎯⎯⎯⎯⎯⎯⎯⎯⎯⎯⎯⎯⎯⎯⎯[1/1]⎯


 Test Files  1 failed (1)
      Tests  no tests
   Start at  23:16:02
   Duration  1.28s (transform 535ms, setup 99ms, import 0ms, tests 0ms, environment 394ms)

npm notice
npm notice New major version of npm available! 11.9.0 -> 12.2.0
npm notice Changelog: https://github.com/npm/cli/releases/tag/v12.2.0
npm notice To update run: npm install -g npm@12.2.0
npm notice
