
> build
> node scripts/build.mjs


> undergroundbattle-web@0.1.0 build
> tsc --noEmit -p tsconfig.app.json && tsc --noEmit -p tsconfig.node.json && vite build

vite v8.0.3 building client environment for production...
[2Ktransforming...✓ 52 modules transformed.
rendering chunks...
computing gzip size...
dist/index.html                   0.47 kB │ gzip:  0.34 kB
dist/assets/index-z77gM5Ok.css   91.37 kB │ gzip: 18.29 kB
dist/assets/index-DE81kHgj.js   301.21 kB │ gzip: 93.24 kB

✓ built in 231ms
npm notice
npm notice New major version of npm available! 11.9.0 -> 12.2.0
npm notice Changelog: https://github.com/npm/cli/releases/tag/v12.2.0
npm notice To update run: npm install -g npm@12.2.0
npm notice
[33m▲ [43;33m[[43;30mWARNING[43;33m][0m [1mProxy environment variables detected. We'll use your proxy for fetch requests.[0m



 ⛅️ wrangler 4.146.0
────────────────────
✨ Read 52 files from the assets directory /workspace/UndergroundBattle/sites/public
Total Upload: 10430.79 KiB / gzip: 2929.42 KiB
Your Worker has access to the following bindings:
Binding                    Resource         
env.DB (hegemony)          D1 Database      
env.ASSETS                 Assets           

--dry-run: exiting now.
npm notice
npm notice New major version of npm available! 11.9.0 -> 12.2.0
npm notice Changelog: https://github.com/npm/cli/releases/tag/v12.2.0
npm notice To update run: npm install -g npm@12.2.0
npm notice
npm notice
npm notice New major version of npm available! 11.9.0 -> 12.2.0
npm notice Changelog: https://github.com/npm/cli/releases/tag/v12.2.0
npm notice To update run: npm install -g npm@12.2.0
npm notice
