    Blocking waiting for file lock on package cache
    Blocking waiting for file lock on package cache
   Compiling proc-macro2 v1.0.107
   Compiling quote v1.0.47
   Compiling unicode-ident v1.0.26
   Compiling serde_core v1.0.229
   Compiling libc v0.2.189
   Compiling itoa v1.0.18
   Compiling bytes v1.12.1
   Compiling futures-core v0.3.34
   Compiling zmij v1.0.23
   Compiling getrandom v0.4.3
   Compiling pin-project-lite v0.2.17
   Compiling rustix v1.1.5
   Compiling syn v3.0.6
   Compiling http v1.5.0
   Compiling cfg-if v1.0.5
   Compiling bitflags v2.13.2
   Compiling futures-task v0.3.34
   Compiling serde_json v1.0.151
   Compiling slab v0.4.12
   Compiling linux-raw-sys v0.12.1
   Compiling serde v1.0.229
   Compiling futures-util v0.3.34
   Compiling http-body v1.1.0
   Compiling serde_derive v1.0.229
   Compiling sync_wrapper v1.0.2
   Compiling tower-service v0.3.3
   Compiling fastrand v2.5.0
   Compiling tower-layer v0.3.3
   Compiling memchr v2.8.3
   Compiling once_cell v1.21.4
   Compiling tower v0.5.3
   Compiling tempfile v3.27.0
   Compiling http-body-util v0.1.5
   Compiling hegemony-server v0.1.0 (/workspace/.private-validation/two-card-mutants-20261003/skeleton-event/rust-game)
    Finished `test` profile [unoptimized + debuginfo] target(s) in 14.05s
     Running unittests src/lib.rs (/workspace/.rust/targets/two-card-mutant-skeleton/debug/deps/hegemony_server-974b000ea7fe75a3)

running 1 test
test engine::tests::next_batch_skeleton_deploy_pays_four_and_enter_targets_all_sides_in_same_region ... FAILED

failures:

---- engine::tests::next_batch_skeleton_deploy_pays_four_and_enter_targets_all_sides_in_same_region stdout ----

thread 'engine::tests::next_batch_skeleton_deploy_pays_four_and_enter_targets_all_sides_in_same_region' panicked at rust-game/src/engine.rs:2572:43:
called `Option::unwrap()` on a `None` value
note: run with `RUST_BACKTRACE=1` environment variable to display a backtrace


failures:
    engine::tests::next_batch_skeleton_deploy_pays_four_and_enter_targets_all_sides_in_same_region

test result: FAILED. 0 passed; 1 failed; 0 ignored; 0 measured; 75 filtered out; finished in 0.00s

error: test failed, to rerun pass `-p hegemony-server --lib`
