
> build
> node scripts/build.mjs


> undergroundbattle-web@0.1.0 build
> tsc --noEmit -p tsconfig.app.json && tsc --noEmit -p tsconfig.node.json && vite build

vite v8.0.3 building client environment for production...
✓ 68 modules transformed.
rendering chunks (1)...rendering chunks (2)...computing gzip size...
dist/index.html                                0.47 kB │ gzip:   0.33 kB
dist/assets/index-Cxy2pYea.css               182.86 kB │ gzip:  32.06 kB
dist/assets/LegacyDebuggerEntry-DGGDZhfh.js   19.27 kB │ gzip:   5.49 kB
dist/assets/index-BGrjBTgw.js                325.27 kB │ gzip: 101.06 kB

✓ built in 174ms
npm notice
npm notice New major version of npm available! 11.9.0 -> 12.2.0
npm notice Changelog: https://github.com/npm/cli/releases/tag/v12.2.0
npm notice To update run: npm install -g npm@12.2.0
npm notice
▲ [WARNING] Proxy environment variables detected. We'll use your proxy for fetch requests.



 ⛅️ wrangler 4.146.0
────────────────────
✨ Read 125 files from the assets directory /tmp/lantern-site-fce0-official/public
Total Upload: 2241.58 KiB / gzip: 591.10 KiB
Your Worker has access to the following bindings:
Binding                    Resource
env.DB (hegemony)          D1 Database
env.ASSETS                 Assets

--dry-run: exiting now.
npm notice
npm notice New major version of npm available! 11.9.0 -> 12.2.0
npm notice Changelog: https://github.com/npm/cli/releases/tag/v12.2.0
npm notice To update run: npm install -g npm@12.2.0
npm notice
npm notice
npm notice New major version of npm available! 11.9.0 -> 12.2.0
npm notice Changelog: https://github.com/npm/cli/releases/tag/v12.2.0
npm notice To update run: npm install -g npm@12.2.0
npm notice
{"verifiedClientFiles": 123, "removedRebuildableMirrorBytes": 129303206}
/workspace/game-publication-evidence/site42-lazy-debugger-97de78d.tar.gz
{"project_id":"appgprj_6abf7bf54a7481918a50e1ef1509ca68","checkout_path":"/tmp/lantern-site-fce0-official","commit_sha":"4595431ba223736fee200844c200ccda48cd078b","archive":"/workspace/game-publication-evidence/site42-lazy-debugger-97de78d.tar.gz"}
