    Blocking waiting for file lock on package cache
    Blocking waiting for file lock on package cache
   Compiling proc-macro2 v1.0.107
   Compiling unicode-ident v1.0.26
   Compiling quote v1.0.47
   Compiling libc v0.2.189
   Compiling itoa v1.0.18
   Compiling serde_core v1.0.229
   Compiling getrandom v0.4.3
   Compiling zmij v1.0.23
   Compiling futures-core v0.3.34
   Compiling pin-project-lite v0.2.17
   Compiling bytes v1.12.1
   Compiling rustix v1.1.5
   Compiling syn v3.0.6
   Compiling http v1.5.0
   Compiling serde_json v1.0.151
   Compiling slab v0.4.12
   Compiling futures-task v0.3.34
   Compiling linux-raw-sys v0.12.1
   Compiling bitflags v2.13.2
   Compiling cfg-if v1.0.5
   Compiling serde v1.0.229
   Compiling futures-util v0.3.34
   Compiling http-body v1.1.0
   Compiling serde_derive v1.0.229
   Compiling tower-layer v0.3.3
   Compiling memchr v2.8.3
   Compiling tower-service v0.3.3
   Compiling once_cell v1.21.4
   Compiling sync_wrapper v1.0.2
   Compiling fastrand v2.5.0
   Compiling tower v0.5.3
   Compiling tempfile v3.27.0
   Compiling http-body-util v0.1.5
   Compiling hegemony-server v0.1.0 (/workspace/.private-validation/control-pair-mutants-20261003/magic/rust-game)
error[E0609]: no field `icons` on type `&'static CardDefinition`
    --> rust-game/src/engine.rs:2867:33
     |
2867 |         assert_eq!(card("XQ16").icons.permanent.influence, 1);
     |                                 ^^^^^ unknown field
     |
     = note: available fields are: `id`, `name`, `kind`, `type`, `cost` ... and 18 others

For more information about this error, try `rustc --explain E0609`.
error: could not compile `hegemony-server` (lib test) due to 1 previous error
