
> test
> node --test test/*.test.mjs

✔ real Worker/D1 persists printed-cost guard and pays self-hide once through reopen (4105.366634ms)
✔ real Worker/D1 restores paid magic return and another friendly controller hide (4973.463987ms)
✔ real workerd/WASM with D1 SQLite: concurrency, receipts, rollback and reopen (4480.305608ms)
ℹ Provider emulation only; remote Cloudflare D1 acceptance is still required. Persisted at /tmp/hegemony-worker-d1-EcAwK7
✔ real kernels preserve their full version tuple and reject unknown persisted identities (127.656838ms)
✔ recovering a paid response receipt precedes all later clock evaluation (9.667307ms)
✔ a matching-version GET persists an expired window before deciding to return 204 (1.209918ms)
✔ an expired response commits only the system tick and never an accepted user receipt (0.843757ms)
✔ a CAS conflict retries Begin with its original expected version and complete intent (0.888523ms)
✔ a formal response cannot be rebased by the host after another seat wins CAS (2.646401ms)
✔ client clock injection and nested Session commands are rejected before the reducer (0.323218ms)
✔ quoting an active composition refreshes its clock and does not commit a draft or receipt (0.823247ms)
✔ real Worker/D1 rust-v0.2.5 preserves composing, untimed choices, expiry and receipts through reopen (11552.901787ms)
ℹ Synthetic local fixture; actual Worker/D1 writes, timers and reopen. No remote natural-play claim.
✔ real Worker/D1 rust-v0.2.6 preserves composing, untimed choices, expiry and receipts through reopen (11475.298848ms)
ℹ Synthetic local fixture; actual Worker/D1 writes, timers and reopen. No remote natural-play claim.
✔ real Worker/D1 rust-v0.2.7 preserves composing, untimed choices, expiry and receipts through reopen (11716.485728ms)
ℹ Synthetic local fixture; actual Worker/D1 writes, timers and reopen. No remote natural-play claim.
✔ real Worker/D1 rust-v0.2.8 preserves composing, untimed choices, expiry and receipts through reopen (11584.601267ms)
ℹ Synthetic local fixture; actual Worker/D1 writes, timers and reopen. No remote natural-play claim.
hegemony storage retry { code: 'network_lost', retryable: true, attempt: 1 }
✔ an ambiguous D1 commit retries the identical command and returns its receipt without applying twice (175.290714ms)
✔ storage diagnostics expose fixed labels and do not retry quota, constraint or unknown failures (0.359822ms)
hegemony storage retry { code: 'network_lost', retryable: true, attempt: 1 }
hegemony storage retry { code: 'network_lost', retryable: true, attempt: 1 }
hegemony storage retry { code: 'network_lost', retryable: true, attempt: 2 }
✔ a failure before commit retries the original identity, while an exhausted failure never returns success (782.66718ms)
✔ transient failures have a finite budget; HTTP rejections and unclassified failures are returned immediately (0.672674ms)
✔ real Worker/D1 restores controller-only owl identity and paid skeleton entry trigger (2757.30339ms)
ℹ tests 20
ℹ suites 0
ℹ pass 20
ℹ fail 0
ℹ cancelled 0
ℹ skipped 0
ℹ todo 0
ℹ duration_ms 51566.180352
