✖ real Worker/D1 persists printed-cost guard and pays self-hide once through reopen (1141.169719ms)
ℹ tests 1
ℹ suites 0
ℹ pass 0
ℹ fail 1
ℹ cancelled 0
ℹ skipped 0
ℹ todo 0
ℹ duration_ms 1632.406363

✖ failing tests:

test at test/assassin-integration.test.mjs:10:1
✖ real Worker/D1 persists printed-cost guard and pays self-hide once through reopen (1141.169719ms)
  AssertionError [ERR_ASSERTION]: Expected values to be strictly equal:
  + actual - expected
  
  + 'trigger'
  - 'target'
  
      at TestContext.<anonymous> (file:///workspace/hegemony-v028-reveal-cost/sites/test/assassin-integration.test.mjs:54:42)
      at process.processTicksAndRejections (node:internal/process/task_queues:104:5)
      at async Test.run (node:internal/test_runner/test:1389:7)
      at async startSubtestAfterBootstrap (node:internal/test_runner/harness:387:3) {
    generatedMessage: true,
    code: 'ERR_ASSERTION',
    actual: 'trigger',
    expected: 'target',
    operator: 'strictEqual',
    diff: 'simple'
  }
