    Blocking waiting for file lock on package cache
    Blocking waiting for file lock on package cache
    Blocking waiting for file lock on package cache
   Compiling proc-macro2 v1.0.107
   Compiling quote v1.0.47
   Compiling unicode-ident v1.0.26
   Compiling cfg-if v1.0.5
   Compiling libc v0.2.189
   Compiling version_check v0.9.5
   Compiling once_cell v1.21.4
   Compiling pin-project-lite v0.2.17
   Compiling smallvec v1.16.2
   Compiling futures-core v0.3.34
   Compiling bytes v1.12.1
   Compiling itoa v1.0.18
   Compiling parking_lot_core v0.9.12
   Compiling scopeguard v1.2.0
   Compiling lock_api v0.4.14
   Compiling syn v3.0.6
   Compiling syn v2.0.119
   Compiling http v1.5.0
   Compiling errno v0.3.14
   Compiling parking_lot v0.12.5
   Compiling signal-hook-registry v1.4.8
   Compiling mio v1.2.3
   Compiling socket2 v0.6.5
   Compiling tracing-core v0.1.36
   Compiling log v0.4.34
   Compiling serde_core v1.0.229
   Compiling http-body v1.1.0
   Compiling generic-array v0.14.7
   Compiling zerocopy v0.8.59
   Compiling ahash v0.8.12
   Compiling httparse v1.10.1
   Compiling tower-service v0.3.3
   Compiling shlex v2.0.1
   Compiling find-msvc-tools v0.1.14
   Compiling typenum v1.20.1
   Compiling tokio-macros v2.7.2
   Compiling tokio v1.53.1
   Compiling cc v1.5.1
   Compiling unicase v2.9.0
   Compiling serde v1.0.229
   Compiling tracing-attributes v0.1.31
   Compiling tower-layer v0.3.3
   Compiling mime v0.3.17
   Compiling slab v0.4.12
   Compiling vcpkg v0.2.15
   Compiling tracing v0.1.44
   Compiling zmij v1.0.23
   Compiling httpdate v1.0.3
   Compiling pkg-config v0.3.34
   Compiling bitflags v2.13.2
   Compiling percent-encoding v2.3.2
   Compiling futures-task v0.3.34
   Compiling libsqlite3-sys v0.30.1
   Compiling futures-util v0.3.34
   Compiling mime_guess v2.0.5
   Compiling serde_derive v1.0.229
   Compiling http-body-util v0.1.5
   Compiling futures-channel v0.3.34
   Compiling sync_wrapper v1.0.2
   Compiling serde_json v1.0.151
   Compiling regex-syntax v0.8.11
   Compiling atomic-waker v1.1.2
   Compiling hyper v1.11.1
   Compiling regex-automata v0.4.18
   Compiling hashbrown v0.14.5
   Compiling form_urlencoded v1.2.2
   Compiling block-buffer v0.10.4
   Compiling crypto-common v0.1.7
   Compiling lazy_static v1.5.1
   Compiling getrandom v0.3.4
   Compiling futures-sink v0.3.34
   Compiling memchr v2.8.3
   Compiling ryu v1.0.23
   Compiling serde_urlencoded v0.7.1
   Compiling matchers v0.2.0
   Compiling tokio-util v0.7.19
   Compiling sharded-slab v0.1.7
   Compiling digest v0.10.7
   Compiling hashlink v0.9.1
   Compiling hyper-util v0.1.21
   Compiling tower v0.5.3
   Compiling axum-core v0.5.6
   Compiling async-stream-impl v0.3.6
   Compiling serde_path_to_error v0.1.20
   Compiling tracing-log v0.2.0
   Compiling thread_local v1.1.10
   Compiling http-range-header v0.4.2
   Compiling nu-ansi-term v0.50.3
   Compiling fallible-streaming-iterator v0.1.9
   Compiling fallible-iterator v0.3.0
   Compiling cpufeatures v0.2.17
   Compiling matchit v0.8.4
   Compiling sha2 v0.10.9
   Compiling tracing-subscriber v0.3.23
   Compiling axum v0.8.9
   Compiling tower-http v0.6.11
   Compiling async-stream v0.3.6
   Compiling rustix v1.1.5
   Compiling getrandom v0.4.3
   Compiling linux-raw-sys v0.12.1
   Compiling fastrand v2.5.0
   Compiling rusqlite v0.32.1
   Compiling hegemony-server v0.1.0 (/workspace/.private-validation/jc088-mutations-20261003/hide-payment/rust-game)
   Compiling tempfile v3.27.0
    Finished `test` profile [unoptimized + debuginfo] target(s) in 46.91s
     Running unittests src/lib.rs (/workspace/.rust/targets/jc088-mutant-hide-payment/debug/deps/hegemony_server-fa35e11fc7b74bf5)

running 1 test
test engine::tests::assassin_paid_hide_preserves_exhaustion_and_returns_attachment_to_its_owner ... FAILED

failures:

---- engine::tests::assassin_paid_hide_preserves_exhaustion_and_returns_attachment_to_its_owner stdout ----

thread 'engine::tests::assassin_paid_hide_preserves_exhaustion_and_returns_attachment_to_its_owner' panicked at rust-game/src/engine.rs:2538:9:
assertion failed: g.apply(0, action.clone()).is_err()
note: run with `RUST_BACKTRACE=1` environment variable to display a backtrace


failures:
    engine::tests::assassin_paid_hide_preserves_exhaustion_and_returns_attachment_to_its_owner

test result: FAILED. 0 passed; 1 failed; 0 ignored; 0 measured; 70 filtered out; finished in 0.00s

error: test failed, to rerun pass `-p hegemony-server --lib`
