   Compiling proc-macro2 v1.0.107
   Compiling unicode-ident v1.0.26
   Compiling quote v1.0.47
   Compiling wasm-bindgen-shared v0.2.104
   Compiling serde_core v1.0.229
   Compiling rustversion v1.0.23
   Compiling bumpalo v3.20.3
   Compiling log v0.4.34
   Compiling zmij v1.0.23
   Compiling serde v1.0.229
   Compiling serde_json v1.0.151
   Compiling wasm-bindgen v0.2.104
   Compiling syn v2.0.119
   Compiling syn v3.0.6
   Compiling itoa v1.0.18
   Compiling memchr v2.8.3
   Compiling once_cell v1.21.4
   Compiling cfg-if v1.0.5
   Compiling serde_derive v1.0.229
   Compiling wasm-bindgen-backend v0.2.104
   Compiling wasm-bindgen-macro-support v0.2.104
   Compiling wasm-bindgen-macro v0.2.104
   Compiling hegemony-server v0.1.0 (/workspace/UndergroundBattle/rust-game)
   Compiling hegemony-wasm v0.1.0 (/workspace/UndergroundBattle/rust-game-wasm)
    Finished `release` profile [optimized] target(s) in 12.84s
